Archive member included to satisfy reference by file (symbol)

C:/arm-toolchain/14.3/bin/../lib/gcc/arm-none-eabi/14.3.1/../../../../arm-none-eabi/lib/thumb/v7-m/nofp\libc.a(libc_a-exit.o)
                              C:/arm-toolchain/14.3/bin/../lib/gcc/arm-none-eabi/14.3.1/../../../../arm-none-eabi/lib/thumb/v7-m/nofp/crt0.o (exit)
C:/arm-toolchain/14.3/bin/../lib/gcc/arm-none-eabi/14.3.1/../../../../arm-none-eabi/lib/thumb/v7-m/nofp\libc.a(libc_a-findfp.o)
                              C:/arm-toolchain/14.3/bin/../lib/gcc/arm-none-eabi/14.3.1/../../../../arm-none-eabi/lib/thumb/v7-m/nofp\libc.a(libc_a-exit.o) (__stdio_exit_handler)
C:/arm-toolchain/14.3/bin/../lib/gcc/arm-none-eabi/14.3.1/../../../../arm-none-eabi/lib/thumb/v7-m/nofp\libc.a(libc_a-fwalk.o)
                              C:/arm-toolchain/14.3/bin/../lib/gcc/arm-none-eabi/14.3.1/../../../../arm-none-eabi/lib/thumb/v7-m/nofp\libc.a(libc_a-findfp.o) (_fwalk_sglue)
C:/arm-toolchain/14.3/bin/../lib/gcc/arm-none-eabi/14.3.1/../../../../arm-none-eabi/lib/thumb/v7-m/nofp\libc.a(libc_a-stdio.o)
                              C:/arm-toolchain/14.3/bin/../lib/gcc/arm-none-eabi/14.3.1/../../../../arm-none-eabi/lib/thumb/v7-m/nofp\libc.a(libc_a-findfp.o) (__sread)
C:/arm-toolchain/14.3/bin/../lib/gcc/arm-none-eabi/14.3.1/../../../../arm-none-eabi/lib/thumb/v7-m/nofp\libc.a(libc_a-memset.o)
                              C:/arm-toolchain/14.3/bin/../lib/gcc/arm-none-eabi/14.3.1/../../../../arm-none-eabi/lib/thumb/v7-m/nofp/crt0.o (memset)
C:/arm-toolchain/14.3/bin/../lib/gcc/arm-none-eabi/14.3.1/../../../../arm-none-eabi/lib/thumb/v7-m/nofp\libc.a(libc_a-closer.o)
                              C:/arm-toolchain/14.3/bin/../lib/gcc/arm-none-eabi/14.3.1/../../../../arm-none-eabi/lib/thumb/v7-m/nofp\libc.a(libc_a-stdio.o) (_close_r)
C:/arm-toolchain/14.3/bin/../lib/gcc/arm-none-eabi/14.3.1/../../../../arm-none-eabi/lib/thumb/v7-m/nofp\libc.a(libc_a-reent.o)
                              C:/arm-toolchain/14.3/bin/../lib/gcc/arm-none-eabi/14.3.1/../../../../arm-none-eabi/lib/thumb/v7-m/nofp\libc.a(libc_a-closer.o) (errno)
C:/arm-toolchain/14.3/bin/../lib/gcc/arm-none-eabi/14.3.1/../../../../arm-none-eabi/lib/thumb/v7-m/nofp\libc.a(libc_a-impure.o)
                              C:/arm-toolchain/14.3/bin/../lib/gcc/arm-none-eabi/14.3.1/../../../../arm-none-eabi/lib/thumb/v7-m/nofp\libc.a(libc_a-reent.o) (_impure_ptr)
C:/arm-toolchain/14.3/bin/../lib/gcc/arm-none-eabi/14.3.1/../../../../arm-none-eabi/lib/thumb/v7-m/nofp\libc.a(libc_a-lseekr.o)
                              C:/arm-toolchain/14.3/bin/../lib/gcc/arm-none-eabi/14.3.1/../../../../arm-none-eabi/lib/thumb/v7-m/nofp\libc.a(libc_a-stdio.o) (_lseek_r)
C:/arm-toolchain/14.3/bin/../lib/gcc/arm-none-eabi/14.3.1/../../../../arm-none-eabi/lib/thumb/v7-m/nofp\libc.a(libc_a-readr.o)
                              C:/arm-toolchain/14.3/bin/../lib/gcc/arm-none-eabi/14.3.1/../../../../arm-none-eabi/lib/thumb/v7-m/nofp\libc.a(libc_a-stdio.o) (_read_r)
C:/arm-toolchain/14.3/bin/../lib/gcc/arm-none-eabi/14.3.1/../../../../arm-none-eabi/lib/thumb/v7-m/nofp\libc.a(libc_a-writer.o)
                              C:/arm-toolchain/14.3/bin/../lib/gcc/arm-none-eabi/14.3.1/../../../../arm-none-eabi/lib/thumb/v7-m/nofp\libc.a(libc_a-stdio.o) (_write_r)
C:/arm-toolchain/14.3/bin/../lib/gcc/arm-none-eabi/14.3.1/../../../../arm-none-eabi/lib/thumb/v7-m/nofp\libc.a(libc_a-init.o)
                              C:/arm-toolchain/14.3/bin/../lib/gcc/arm-none-eabi/14.3.1/../../../../arm-none-eabi/lib/thumb/v7-m/nofp/crt0.o (__libc_init_array)
C:/arm-toolchain/14.3/bin/../lib/gcc/arm-none-eabi/14.3.1/../../../../arm-none-eabi/lib/thumb/v7-m/nofp\libc.a(libc_a-lock.o)
                              C:/arm-toolchain/14.3/bin/../lib/gcc/arm-none-eabi/14.3.1/../../../../arm-none-eabi/lib/thumb/v7-m/nofp\libc.a(libc_a-findfp.o) (__retarget_lock_init_recursive)
C:/arm-toolchain/14.3/bin/../lib/gcc/arm-none-eabi/14.3.1/../../../../arm-none-eabi/lib/thumb/v7-m/nofp\libc.a(libc_a-memcpy.o)
                              build/queue.o (memcpy)
C:/arm-toolchain/14.3/bin/../lib/gcc/arm-none-eabi/14.3.1/../../../../arm-none-eabi/lib/thumb/v7-m/nofp\libc.a(libc_a-__call_atexit.o)
                              C:/arm-toolchain/14.3/bin/../lib/gcc/arm-none-eabi/14.3.1/../../../../arm-none-eabi/lib/thumb/v7-m/nofp\libc.a(libc_a-exit.o) (__call_exitprocs)
C:/arm-toolchain/14.3/bin/../lib/gcc/arm-none-eabi/14.3.1/../../../../arm-none-eabi/lib/thumb/v7-m/nofp\libc.a(libc_a-atexit.o)
                              C:/arm-toolchain/14.3/bin/../lib/gcc/arm-none-eabi/14.3.1/../../../../arm-none-eabi/lib/thumb/v7-m/nofp\libc.a(libc_a-__call_atexit.o) (atexit)
C:/arm-toolchain/14.3/bin/../lib/gcc/arm-none-eabi/14.3.1/../../../../arm-none-eabi/lib/thumb/v7-m/nofp\libc.a(libc_a-freer.o)
                              C:/arm-toolchain/14.3/bin/../lib/gcc/arm-none-eabi/14.3.1/../../../../arm-none-eabi/lib/thumb/v7-m/nofp\libc.a(libc_a-reent.o) (_free_r)
[...]
Memory Configuration

Name             Origin             Length             Attributes
RAM              0x20000000         0x00005000         xrw
FLASH            0x08000000         0x00020000         xr
*default*        0x00000000         0xffffffff

Linker script and memory map

LOAD C:/arm-toolchain/14.3/bin/../lib/gcc/arm-none-eabi/14.3.1/thumb/v7-m/nofp/crti.o
LOAD C:/arm-toolchain/14.3/bin/../lib/gcc/arm-none-eabi/14.3.1/thumb/v7-m/nofp/crtbegin.o
LOAD C:/arm-toolchain/14.3/bin/../lib/gcc/arm-none-eabi/14.3.1/../../../../arm-none-eabi/lib/thumb/v7-m/nofp/crt0.o
LOAD build/system_gd32f10x.o
LOAD build/gd32f10x_adc.o
LOAD build/gd32f10x_bkp.o
LOAD build/gd32f10x_can.o
LOAD build/gd32f10x_crc.o
LOAD build/gd32f10x_dac.o
LOAD build/gd32f10x_dbg.o
LOAD build/gd32f10x_dma.o
LOAD build/gd32f10x_enet.o
LOAD build/gd32f10x_exmc.o
LOAD build/gd32f10x_exti.o
LOAD build/gd32f10x_fmc.o
LOAD build/gd32f10x_fwdgt.o
LOAD build/gd32f10x_gpio.o
LOAD build/gd32f10x_i2c.o
LOAD build/gd32f10x_misc.o
LOAD build/gd32f10x_pmu.o
LOAD build/gd32f10x_rcu.o
LOAD build/gd32f10x_rtc.o
LOAD build/gd32f10x_sdio.o
LOAD build/gd32f10x_spi.o
LOAD build/gd32f10x_timer.o
LOAD build/gd32f10x_usart.o
LOAD build/gd32f10x_wwdgt.o
LOAD build/main.o
LOAD build/systick.o
LOAD build/port.o
LOAD build/croutine.o
LOAD build/event_groups.o
LOAD build/list.o
LOAD build/queue.o
LOAD build/tasks.o
LOAD build/timers.o
LOAD build/startup_gd32f10x_md.o
LOAD C:/arm-toolchain/14.3/bin/../lib/gcc/arm-none-eabi/14.3.1/../../../../arm-none-eabi/lib/thumb/v7-m/nofp\libc.a
LOAD C:/arm-toolchain/14.3/bin/../lib/gcc/arm-none-eabi/14.3.1/../../../../arm-none-eabi/lib/thumb/v7-m/nofp\libm.a
LOAD C:/arm-toolchain/14.3/bin/../lib/gcc/arm-none-eabi/14.3.1/../../../../arm-none-eabi/lib/thumb/v7-m/nofp\libnosys.a
START GROUP
LOAD C:/arm-toolchain/14.3/bin/../lib/gcc/arm-none-eabi/14.3.1/thumb/v7-m/nofp\libgcc.a
LOAD C:/arm-toolchain/14.3/bin/../lib/gcc/arm-none-eabi/14.3.1/../../../../arm-none-eabi/lib/thumb/v7-m/nofp\libc.a
END GROUP
START GROUP
LOAD C:/arm-toolchain/14.3/bin/../lib/gcc/arm-none-eabi/14.3.1/thumb/v7-m/nofp\libgcc.a
LOAD C:/arm-toolchain/14.3/bin/../lib/gcc/arm-none-eabi/14.3.1/../../../../arm-none-eabi/lib/thumb/v7-m/nofp\libc.a
LOAD C:/arm-toolchain/14.3/bin/../lib/gcc/arm-none-eabi/14.3.1/../../../../arm-none-eabi/lib/thumb/v7-m/nofp\libnosys.a
END GROUP
LOAD C:/arm-toolchain/14.3/bin/../lib/gcc/arm-none-eabi/14.3.1/thumb/v7-m/nofp/crtend.o
LOAD C:/arm-toolchain/14.3/bin/../lib/gcc/arm-none-eabi/14.3.1/thumb/v7-m/nofp/crtn.o
                0x20005000                        _estack = (ORIGIN (RAM) + LENGTH (RAM))
                0x00000200                        _Min_Heap_Size = 0x200
                0x00000400                        _Min_Stack_Size = 0x400

.isr_vector     0x08000000      0x104
                0x08000000                        . = ALIGN (0x4)
 *(.isr_vector)
 .isr_vector    0x08000000      0x104 build/startup_gd32f10x_md.o
                0x08000000                g_pfnVectors
                0x08000104                        . = ALIGN (0x4)

.text           0x08000110      0xb04
                0x08000110                        . = ALIGN (0x4)
 *(.text)
 *(.text*)
 .text.deregister_tm_clones
                0x08000110       0x1c C:/arm-toolchain/14.3/bin/../lib/gcc/arm-none-eabi/14.3.1/thumb/v7-m/nofp/crtbegin.o
 .text.register_tm_clones
                0x0800012c       0x24 C:/arm-toolchain/14.3/bin/../lib/gcc/arm-none-eabi/14.3.1/thumb/v7-m/nofp/crtbegin.o
 .text.__do_global_dtors_aux
                0x08000150       0x28 C:/arm-toolchain/14.3/bin/../lib/gcc/arm-none-eabi/14.3.1/thumb/v7-m/nofp/crtbegin.o
 .text.frame_dummy
                0x08000178       0x24 C:/arm-toolchain/14.3/bin/../lib/gcc/arm-none-eabi/14.3.1/thumb/v7-m/nofp/crtbegin.o
 .text.system_clock_config
                0x0800019c        0xc build/system_gd32f10x.o
 .text.SystemInit
                0x080001a8       0xf0 build/system_gd32f10x.o
                0x080001a8                SystemInit
 .text.system_clock_108m_hxtal
                0x08000298       0xf4 build/system_gd32f10x.o
 .text.gpio_init
                0x0800038c      0x146 build/gd32f10x_gpio.o
                0x0800038c                gpio_init
 .text.gpio_bit_set
                0x080004d2       0x1e build/gd32f10x_gpio.o
                0x080004d2                gpio_bit_set
 .text.gpio_bit_reset
                0x080004f0       0x1e build/gd32f10x_gpio.o
                0x080004f0                gpio_bit_reset
 *fill*         0x0800050e        0x2 
 .text.nvic_vector_table_set
                0x08000510       0x30 build/gd32f10x_misc.o
                0x08000510                nvic_vector_table_set
 .text.rcu_periph_clock_enable
                0x08000540       0x44 build/gd32f10x_rcu.o
                0x08000540                rcu_periph_clock_enable
 .text.main     0x08000584       0x4c build/main.o
                0x08000584                main
 .text.NVIC_SetPriority
                0x080005d0       0x54 build/systick.o
 .text.SysTick_Config
                0x08000624       0x44 build/systick.o
 .text.systick_config
                0x08000668       0x38 build/systick.o
                0x08000668                systick_config
 .text.delay_1ms
                0x080006a0       0x28 build/systick.o
                0x080006a0                delay_1ms
 *fill*         0x080006c8        0x8 
 .text.SVC_Handler
                0x080006d0       0x28 build/port.o
                0x080006d0                SVC_Handler
 *fill*         0x080006f8        0x8 
 .text.PendSV_Handler
                0x08000700       0x48 build/port.o
                0x08000700                PendSV_Handler
 .text.SysTick_Handler
                0x08000748       0x44 build/port.o
                0x08000748                SysTick_Handler
 .text.vListInsertEnd
                0x0800078c       0x46 build/list.o
                0x0800078c                vListInsertEnd
 .text.uxListRemove
                0x080007d2       0x52 build/list.o
                0x080007d2                uxListRemove
 .text.xTaskIncrementTick
                0x08000824      0x174 build/tasks.o
                0x08000824                xTaskIncrementTick
 .text.vTaskSwitchContext
                0x08000998       0xb8 build/tasks.o
                0x08000998                vTaskSwitchContext
 .text.prvResetNextTaskUnblockTime
                0x08000a50       0x40 build/tasks.o
 .text.Reset_Handler
                0x08000a90       0x48 build/startup_gd32f10x_md.o
                0x08000a90                Reset_Handler
 .text.Default_Handler
                0x08000ad8        0x2 build/startup_gd32f10x_md.o
                0x08000ad8                RTC_Alarm_IRQHandler
                0x08000ad8                EXTI2_IRQHandler
                0x08000ad8                TIMER2_IRQHandler
                0x08000ad8                DebugMon_Handler
                0x08000ad8                LVD_IRQHandler
                0x08000ad8                TIMER0_BRK_IRQHandler
                0x08000ad8                HardFault_Handler
                0x08000ad8                ADC0_1_IRQHandler
                0x08000ad8                TIMER0_UP_IRQHandler
                0x08000ad8                NMI_Handler
                0x08000ad8                EXTI3_IRQHandler
                0x08000ad8                TIMER3_IRQHandler
                0x08000ad8                DMA0_Channel6_IRQHandler
                0x08000ad8                I2C0_EV_IRQHandler
                0x08000ad8                EXTI0_IRQHandler
                0x08000ad8                UsageFault_Handler
                0x08000ad8                SPI1_IRQHandler
                0x08000ad8                DMA0_Channel0_IRQHandler
                0x08000ad8                TAMPER_IRQHandler
                0x08000ad8                DMA0_Channel3_IRQHandler
                0x08000ad8                I2C0_ER_IRQHandler
                0x08000ad8                RTC_IRQHandler
                0x08000ad8                DMA0_Channel2_IRQHandler
                0x08000ad8                USART0_IRQHandler
                0x08000ad8                TIMER1_IRQHandler
                0x08000ad8                TIMER0_TRG_CMT_IRQHandler
                0x08000ad8                I2C1_EV_IRQHandler
                0x08000ad8                EXTI10_15_IRQHandler
                0x08000ad8                Default_Handler
                0x08000ad8                WWDGT_IRQHandler
                0x08000ad8                EXMC_IRQHandler
                0x08000ad8                MemManage_Handler
                0x08000ad8                USBD_WKUP_IRQHandler
                0x08000ad8                EXTI4_IRQHandler
                0x08000ad8                USBD_HP_CAN0_TX_IRQHandler
                0x08000ad8                CAN0_RX1_IRQHandler
                0x08000ad8                DMA0_Channel5_IRQHandler
                0x08000ad8                EXTI5_9_IRQHandler
                0x08000ad8                RCU_IRQHandler
                0x08000ad8                DMA0_Channel1_IRQHandler
                0x08000ad8                TIMER0_Channel_IRQHandler
                0x08000ad8                EXTI1_IRQHandler
                0x08000ad8                SPI0_IRQHandler
                0x08000ad8                USART2_IRQHandler
                0x08000ad8                CAN0_EWMC_IRQHandler
                0x08000ad8                USBD_LP_CAN0_RX0_IRQHandler
                0x08000ad8                BusFault_Handler
                0x08000ad8                USART1_IRQHandler
                0x08000ad8                I2C1_ER_IRQHandler
                0x08000ad8                FMC_IRQHandler
                0x08000ad8                DMA0_Channel4_IRQHandler
 *fill*         0x08000ada        0x2 
 .text.__libc_init_array
                0x08000adc       0x50 C:/arm-toolchain/14.3/bin/../lib/gcc/arm-none-eabi/14.3.1/../../../../arm-none-eabi/lib/thumb/v7-m/nofp\libc.a(libc_a-init.o)
                0x08000adc                __libc_init_array
 .text.__retarget_lock_acquire_recursive
                0x08000b2c        0x4 C:/arm-toolchain/14.3/bin/../lib/gcc/arm-none-eabi/14.3.1/../../../../arm-none-eabi/lib/thumb/v7-m/nofp\libc.a(libc_a-lock.o)
                0x08000b2c                __retarget_lock_acquire_recursive
 .text.__retarget_lock_release_recursive
                0x08000b30        0x4 C:/arm-toolchain/14.3/bin/../lib/gcc/arm-none-eabi/14.3.1/../../../../arm-none-eabi/lib/thumb/v7-m/nofp\libc.a(libc_a-lock.o)
                0x08000b30                __retarget_lock_release_recursive
 .text.startup.register_fini
                0x08000b34       0x14 C:/arm-toolchain/14.3/bin/../lib/gcc/arm-none-eabi/14.3.1/../../../../arm-none-eabi/lib/thumb/v7-m/nofp\libc.a(libc_a-__call_atexit.o)
 .text.atexit   0x08000b48        0xc C:/arm-toolchain/14.3/bin/../lib/gcc/arm-none-eabi/14.3.1/../../../../arm-none-eabi/lib/thumb/v7-m/nofp\libc.a(libc_a-atexit.o)
                0x08000b48                atexit
 .text.__libc_fini_array
                0x08000b54       0x28 C:/arm-toolchain/14.3/bin/../lib/gcc/arm-none-eabi/14.3.1/../../../../arm-none-eabi/lib/thumb/v7-m/nofp\libc.a(libc_a-fini.o)
                0x08000b54                __libc_fini_array
 .text.__register_exitproc
                0x08000b7c       0x80 C:/arm-toolchain/14.3/bin/../lib/gcc/arm-none-eabi/14.3.1/../../../../arm-none-eabi/lib/thumb/v7-m/nofp\libc.a(libc_a-__atexit.o)
                0x08000b7c                __register_exitproc
 *(.glue_7)
 .glue_7        0x08000bfc        0x0 linker stubs
 *(.glue_7t)
 .glue_7t       0x08000bfc        0x0 linker stubs
 *(.eh_frame)
 .eh_frame      0x08000bfc        0x0 C:/arm-toolchain/14.3/bin/../lib/gcc/arm-none-eabi/14.3.1/thumb/v7-m/nofp/crtbegin.o
 *(.init)
 .init          0x08000bfc        0x4 C:/arm-toolchain/14.3/bin/../lib/gcc/arm-none-eabi/14.3.1/thumb/v7-m/nofp/crti.o
                0x08000bfc                _init
 .init          0x08000c00        0x8 C:/arm-toolchain/14.3/bin/../lib/gcc/arm-none-eabi/14.3.1/thumb/v7-m/nofp/crtn.o
 *(.fini)
 .fini          0x08000c08        0x4 C:/arm-toolchain/14.3/bin/../lib/gcc/arm-none-eabi/14.3.1/thumb/v7-m/nofp/crti.o
                0x08000c08                _fini
 .fini          0x08000c0c        0x8 C:/arm-toolchain/14.3/bin/../lib/gcc/arm-none-eabi/14.3.1/thumb/v7-m/nofp/crtn.o
                0x08000c14                        . = ALIGN (0x4)
                0x08000c14                        _etext = .

.vfp11_veneer   0x08000c14        0x0
 .vfp11_veneer  0x08000c14        0x0 linker stubs

.v4_bx          0x08000c14        0x0
 .v4_bx         0x08000c14        0x0 linker stubs

.iplt           0x08000c14        0x0
 .iplt          0x08000c14        0x0 C:/arm-toolchain/14.3/bin/../lib/gcc/arm-none-eabi/14.3.1/thumb/v7-m/nofp/crtbegin.o

.rel.dyn        0x08000c14        0x0
 .rel.iplt      0x08000c14        0x0 C:/arm-toolchain/14.3/bin/../lib/gcc/arm-none-eabi/14.3.1/thumb/v7-m/nofp/crtbegin.o

.rodata         0x08000c14        0x0
                0x08000c14                        . = ALIGN (0x4)
 *(.rodata)
 *(.rodata*)
                0x08000c14                        . = ALIGN (0x4)

.ARM.extab
 *(.ARM.extab* .gnu.linkonce.armextab.*)

.ARM            0x08000c14        0x0
                0x08000c14                        __exidx_start = .
 *(.ARM.exidx*)
                0x08000c14                        __exidx_end = .

.preinit_array  0x08000c14        0x0
                0x08000c14                        PROVIDE (__preinit_array_start = .)
 *(.preinit_array*)
                0x08000c14                        PROVIDE (__preinit_array_end = .)

.init_array     0x08000c14        0x8
                0x08000c14                        PROVIDE (__init_array_start = .)
 *(SORT_BY_NAME(.init_array.*))
 .init_array.00000
                0x08000c14        0x4 C:/arm-toolchain/14.3/bin/../lib/gcc/arm-none-eabi/14.3.1/../../../../arm-none-eabi/lib/thumb/v7-m/nofp\libc.a(libc_a-__call_atexit.o)
 *(.init_array*)
 .init_array    0x08000c18        0x4 C:/arm-toolchain/14.3/bin/../lib/gcc/arm-none-eabi/14.3.1/thumb/v7-m/nofp/crtbegin.o
                0x08000c1c                        PROVIDE (__init_array_end = .)

.fini_array     0x08000c1c        0x4
                0x08000c1c                        PROVIDE (__fini_array_start = .)
 *(SORT_BY_NAME(.fini_array.*))
 *(.fini_array*)
 .fini_array    0x08000c1c        0x4 C:/arm-toolchain/14.3/bin/../lib/gcc/arm-none-eabi/14.3.1/thumb/v7-m/nofp/crtbegin.o
                0x08000c20                        PROVIDE (__fini_array_end = .)
                0x08000c20                        _sidata = LOADADDR (.data)

.data           0x20000000        0x8 load address 0x08000c20
                0x20000000                        . = ALIGN (0x4)
                0x20000000                        _sdata = .
 *(.data)
 *(.data*)
 .data.SystemCoreClock
                0x20000000        0x4 build/system_gd32f10x.o
                0x20000000                SystemCoreClock
 .data.__atexit_recursive_mutex
                0x20000004        0x4 C:/arm-toolchain/14.3/bin/../lib/gcc/arm-none-eabi/14.3.1/../../../../arm-none-eabi/lib/thumb/v7-m/nofp\libc.a(libc_a-__call_atexit.o)
                0x20000004                __atexit_recursive_mutex
                0x20000008                        . = ALIGN (0x4)
                0x20000008                        _edata = .

.tm_clone_table
                0x20000008        0x0 load address 0x08000c28
 .tm_clone_table
                0x20000008        0x0 C:/arm-toolchain/14.3/bin/../lib/gcc/arm-none-eabi/14.3.1/thumb/v7-m/nofp/crtbegin.o
 .tm_clone_table
                0x20000008        0x0 C:/arm-toolchain/14.3/bin/../lib/gcc/arm-none-eabi/14.3.1/thumb/v7-m/nofp/crtend.o

.igot.plt       0x20000008        0x0 load address 0x08000c28
 .igot.plt      0x20000008        0x0 C:/arm-toolchain/14.3/bin/../lib/gcc/arm-none-eabi/14.3.1/thumb/v7-m/nofp/crtbegin.o
                0x20000008                        . = ALIGN (0x4)

.bss            0x20000008      0x244 load address 0x08000c28
                0x20000008                        _sbss = .
                0x20000008                        __bss_start__ = _sbss
 *(.bss)
 *(.bss*)
 .bss.completed.1
                0x20000008        0x1 C:/arm-toolchain/14.3/bin/../lib/gcc/arm-none-eabi/14.3.1/thumb/v7-m/nofp/crtbegin.o
 *fill*         0x20000009        0x3 
 .bss.object.0  0x2000000c       0x18 C:/arm-toolchain/14.3/bin/../lib/gcc/arm-none-eabi/14.3.1/thumb/v7-m/nofp/crtbegin.o
 .bss.delay     0x20000024        0x4 build/systick.o
 .bss.pxCurrentTCB
                0x20000028        0x4 build/tasks.o
                0x20000028                pxCurrentTCB
 .bss.pxReadyTasksLists
                0x2000002c       0x64 build/tasks.o
 .bss.pxDelayedTaskList
                0x20000090        0x4 build/tasks.o
 .bss.pxOverflowDelayedTaskList
                0x20000094        0x4 build/tasks.o
 .bss.xTickCount
                0x20000098        0x4 build/tasks.o
 .bss.uxTopReadyPriority
                0x2000009c        0x4 build/tasks.o
 .bss.xPendedTicks
                0x200000a0        0x4 build/tasks.o
 .bss.xYieldPending
                0x200000a4        0x4 build/tasks.o
 .bss.xNumOfOverflows
                0x200000a8        0x4 build/tasks.o
 .bss.xNextTaskUnblockTime
                0x200000ac        0x4 build/tasks.o
 .bss.uxSchedulerSuspended
                0x200000b0        0x4 build/tasks.o
 .bss.__lock___atexit_recursive_mutex
                0x200000b4        0x1 C:/arm-toolchain/14.3/bin/../lib/gcc/arm-none-eabi/14.3.1/../../../../arm-none-eabi/lib/thumb/v7-m/nofp\libc.a(libc_a-lock.o)
                0x200000b4                __lock___atexit_recursive_mutex
 *fill*         0x200000b5        0x3 
 .bss.__atexit  0x200000b8        0x4 C:/arm-toolchain/14.3/bin/../lib/gcc/arm-none-eabi/14.3.1/../../../../arm-none-eabi/lib/thumb/v7-m/nofp\libc.a(libc_a-__call_atexit.o)
                0x200000b8                __atexit
 .bss.__atexit0
                0x200000bc      0x190 C:/arm-toolchain/14.3/bin/../lib/gcc/arm-none-eabi/14.3.1/../../../../arm-none-eabi/lib/thumb/v7-m/nofp\libc.a(libc_a-__atexit.o)
                0x200000bc                __atexit0
 *(COMMON)
                0x2000024c                        . = ALIGN (0x4)
                0x2000024c                        _ebss = .
                0x2000024c                        __bss_end__ = _ebss

._user_heap_stack
                0x2000024c      0x604 load address 0x08000c28
                0x20000250                        . = ALIGN (0x8)
 *fill*         0x2000024c        0x4 
                0x20000250                        PROVIDE (end = .)
                [!provide]                        PROVIDE (_end = .)
                0x20000450                        . = (. + _Min_Heap_Size)
 *fill*         0x20000250      0x200 
                0x20000850                        . = (. + _Min_Stack_Size)
 *fill*         0x20000450      0x400 
                0x20000850                        . = ALIGN (0x8)

/DISCARD/
 libc.a(*)
 libm.a(*)
 libgcc.a(*)

.ARM.attributes
                0x00000000       0x29
 *(.ARM.attributes)
 .ARM.attributes
                0x00000000       0x1d C:/arm-toolchain/14.3/bin/../lib/gcc/arm-none-eabi/14.3.1/thumb/v7-m/nofp/crti.o
 .ARM.attributes
                0x0000001d       0x2d C:/arm-toolchain/14.3/bin/../lib/gcc/arm-none-eabi/14.3.1/thumb/v7-m/nofp/crtbegin.o
 .ARM.attributes
                0x0000004a       0x2d build/system_gd32f10x.o
 .ARM.attributes
                0x00000077       0x2d build/gd32f10x_gpio.o
 .ARM.attributes
                0x000000a4       0x2d build/gd32f10x_misc.o
 .ARM.attributes
                0x000000d1       0x2d build/gd32f10x_rcu.o
 .ARM.attributes
                0x000000fe       0x2d build/main.o
 .ARM.attributes
                0x0000012b       0x2d build/systick.o
 .ARM.attributes
                0x00000158       0x2d build/port.o
 .ARM.attributes
                0x00000185       0x2d build/list.o
 .ARM.attributes
                0x000001b2       0x2d build/tasks.o
 .ARM.attributes
                0x000001df       0x21 build/startup_gd32f10x_md.o
 .ARM.attributes
                0x00000200       0x2d C:/arm-toolchain/14.3/bin/../lib/gcc/arm-none-eabi/14.3.1/../../../../arm-none-eabi/lib/thumb/v7-m/nofp\libc.a(libc_a-init.o)
 .ARM.attributes
                0x0000022d       0x2d C:/arm-toolchain/14.3/bin/../lib/gcc/arm-none-eabi/14.3.1/../../../../arm-none-eabi/lib/thumb/v7-m/nofp\libc.a(libc_a-lock.o)
 .ARM.attributes
                0x0000025a       0x2d C:/arm-toolchain/14.3/bin/../lib/gcc/arm-none-eabi/14.3.1/../../../../arm-none-eabi/lib/thumb/v7-m/nofp\libc.a(libc_a-__call_atexit.o)
 .ARM.attributes
                0x00000287       0x2d C:/arm-toolchain/14.3/bin/../lib/gcc/arm-none-eabi/14.3.1/../../../../arm-none-eabi/lib/thumb/v7-m/nofp\libc.a(libc_a-atexit.o)
 .ARM.attributes
                0x000002b4       0x2d C:/arm-toolchain/14.3/bin/../lib/gcc/arm-none-eabi/14.3.1/../../../../arm-none-eabi/lib/thumb/v7-m/nofp\libc.a(libc_a-fini.o)
 .ARM.attributes
                0x000002e1       0x2d C:/arm-toolchain/14.3/bin/../lib/gcc/arm-none-eabi/14.3.1/../../../../arm-none-eabi/lib/thumb/v7-m/nofp\libc.a(libc_a-__atexit.o)
 .ARM.attributes
                0x0000030e       0x2d C:/arm-toolchain/14.3/bin/../lib/gcc/arm-none-eabi/14.3.1/thumb/v7-m/nofp/crtend.o
 .ARM.attributes
                0x0000033b       0x1d C:/arm-toolchain/14.3/bin/../lib/gcc/arm-none-eabi/14.3.1/thumb/v7-m/nofp/crtn.o
OUTPUT(build/gd32f103tbu6.elf elf32-littlearm)
LOAD linker stubs
LOAD C:/arm-toolchain/14.3/bin/../lib/gcc/arm-none-eabi/14.3.1/../../../../arm-none-eabi/lib/thumb/v7-m/nofp\libc.a
LOAD C:/arm-toolchain/14.3/bin/../lib/gcc/arm-none-eabi/14.3.1/../../../../arm-none-eabi/lib/thumb/v7-m/nofp\libm.a
LOAD C:/arm-toolchain/14.3/bin/../lib/gcc/arm-none-eabi/14.3.1/thumb/v7-m/nofp\libgcc.a

.debug_info     0x00000000     0x4e08
 .debug_info    0x00000000      0x19e build/system_gd32f10x.o
 .debug_info    0x0000019e      0x696 build/gd32f10x_gpio.o
 .debug_info    0x00000834      0x5e1 build/gd32f10x_misc.o
 .debug_info    0x00000e15      0xd23 build/gd32f10x_rcu.o
 .debug_info    0x00001b38      0x296 build/main.o
 .debug_info    0x00001dce      0x690 build/systick.o
 .debug_info    0x0000245e      0x52a build/port.o
 .debug_info    0x00002988      0x300 build/list.o
 .debug_info    0x00002c88     0x2150 build/tasks.o
 .debug_info    0x00004dd8       0x30 build/startup_gd32f10x_md.o

.debug_abbrev   0x00000000      0xee9
 .debug_abbrev  0x00000000       0xf9 build/system_gd32f10x.o
 .debug_abbrev  0x000000f9      0x1c0 build/gd32f10x_gpio.o
 .debug_abbrev  0x000002b9      0x12f build/gd32f10x_misc.o
 .debug_abbrev  0x000003e8      0x1ac build/gd32f10x_rcu.o
 .debug_abbrev  0x00000594       0xc6 build/main.o
 .debug_abbrev  0x0000065a      0x1a4 build/systick.o
 .debug_abbrev  0x000007fe      0x270 build/port.o
 .debug_abbrev  0x00000a6e       0xf1 build/list.o
 .debug_abbrev  0x00000b5f      0x36d build/tasks.o
 .debug_abbrev  0x00000ecc       0x1d build/startup_gd32f10x_md.o

.debug_loc      0x00000000     0x2e5c
 .debug_loc     0x00000000       0xd8 build/system_gd32f10x.o
 .debug_loc     0x000000d8      0x5b0 build/gd32f10x_gpio.o
 .debug_loc     0x00000688      0x278 build/gd32f10x_misc.o
 .debug_loc     0x00000900      0xc26 build/gd32f10x_rcu.o
 .debug_loc     0x00001526       0x2c build/main.o
 .debug_loc     0x00001552      0x178 build/systick.o
 .debug_loc     0x000016ca      0x30c build/port.o
 .debug_loc     0x000019d6      0x1cc build/list.o
 .debug_loc     0x00001ba2     0x12ba build/tasks.o

.debug_aranges  0x00000000      0x588
 .debug_aranges
                0x00000000       0x30 build/system_gd32f10x.o
 .debug_aranges
                0x00000030       0xa0 build/gd32f10x_gpio.o
 .debug_aranges
                0x000000d0       0x50 build/gd32f10x_misc.o
 .debug_aranges
                0x00000120      0x138 build/gd32f10x_rcu.o
 .debug_aranges
                0x00000258       0x20 build/main.o
 .debug_aranges
                0x00000278       0x40 build/systick.o
 .debug_aranges
                0x000002b8       0x78 build/port.o
 .debug_aranges
                0x00000330       0x40 build/list.o
 .debug_aranges
                0x00000370      0x1f0 build/tasks.o
 .debug_aranges
                0x00000560       0x28 build/startup_gd32f10x_md.o

.debug_ranges   0x00000000      0x4f0
 .debug_ranges  0x00000000       0x20 build/system_gd32f10x.o
 .debug_ranges  0x00000020       0x90 build/gd32f10x_gpio.o
 .debug_ranges  0x000000b0       0x40 build/gd32f10x_misc.o
 .debug_ranges  0x000000f0      0x128 build/gd32f10x_rcu.o
 .debug_ranges  0x00000218       0x10 build/main.o
 .debug_ranges  0x00000228       0x30 build/systick.o
 .debug_ranges  0x00000258       0x68 build/port.o
 .debug_ranges  0x000002c0       0x30 build/list.o
 .debug_ranges  0x000002f0      0x1e0 build/tasks.o
 .debug_ranges  0x000004d0       0x20 build/startup_gd32f10x_md.o

.debug_line     0x00000000     0x324f
 .debug_line    0x00000000      0x2b3 build/system_gd32f10x.o
 .debug_line    0x000002b3      0x57a build/gd32f10x_gpio.o
 .debug_line    0x0000082d      0x278 build/gd32f10x_misc.o
 .debug_line    0x00000aa5      0x80c build/gd32f10x_rcu.o
 .debug_line    0x000012b1      0x14d build/main.o
 .debug_line    0x000013fe      0x208 build/systick.o
 .debug_line    0x00001606      0x3ea build/port.o
 .debug_line    0x000019f0      0x21e build/list.o
 .debug_line    0x00001c0e     0x15a8 build/tasks.o
 .debug_line    0x000031b6       0x99 build/startup_gd32f10x_md.o

.debug_str      0x00000000     0x2658
 .debug_str     0x00000000     0x2658 build/system_gd32f10x.o
                                0x23e (size before relaxing)
 .debug_str     0x00002658      0x5c3 build/gd32f10x_gpio.o
 .debug_str     0x00002658      0x3b3 build/gd32f10x_misc.o
 .debug_str     0x00002658      0xce8 build/gd32f10x_rcu.o
 .debug_str     0x00002658      0x37f build/main.o
 .debug_str     0x00002658      0x5dd build/systick.o
 .debug_str     0x00002658      0x434 build/port.o
 .debug_str     0x00002658      0x2b6 build/list.o
 .debug_str     0x00002658     0x113b build/tasks.o
 .debug_str     0x00002658       0x8d build/startup_gd32f10x_md.o

.comment        0x00000000       0x46
 .comment       0x00000000       0x46 build/system_gd32f10x.o
                                 0x47 (size before relaxing)
 .comment       0x00000046       0x47 build/gd32f10x_gpio.o
 .comment       0x00000046       0x47 build/gd32f10x_misc.o
 .comment       0x00000046       0x47 build/gd32f10x_rcu.o
 .comment       0x00000046       0x47 build/main.o
 .comment       0x00000046       0x47 build/systick.o
 .comment       0x00000046       0x47 build/port.o
 .comment       0x00000046       0x47 build/list.o
 .comment       0x00000046       0x47 build/tasks.o

.debug_frame    0x00000000     0x173c
 .debug_frame   0x00000000       0x78 build/system_gd32f10x.o
 .debug_frame   0x00000078      0x298 build/gd32f10x_gpio.o
 .debug_frame   0x00000310      0x124 build/gd32f10x_misc.o
 .debug_frame   0x00000434      0x574 build/gd32f10x_rcu.o
 .debug_frame   0x000009a8       0x2c build/main.o
 .debug_frame   0x000009d4       0xc0 build/systick.o
 .debug_frame   0x00000a94      0x198 build/port.o
 .debug_frame   0x00000c2c       0xd8 build/list.o
 .debug_frame   0x00000d04      0x878 build/tasks.o
 .debug_frame   0x0000157c       0x2c C:/arm-toolchain/14.3/bin/../lib/gcc/arm-none-eabi/14.3.1/../../../../arm-none-eabi/lib/thumb/v7-m/nofp\libc.a(libc_a-init.o)
 .debug_frame   0x000015a8       0xb0 C:/arm-toolchain/14.3/bin/../lib/gcc/arm-none-eabi/14.3.1/../../../../arm-none-eabi/lib/thumb/v7-m/nofp\libc.a(libc_a-lock.o)
 .debug_frame   0x00001658       0x5c C:/arm-toolchain/14.3/bin/../lib/gcc/arm-none-eabi/14.3.1/../../../../arm-none-eabi/lib/thumb/v7-m/nofp\libc.a(libc_a-__call_atexit.o)
 .debug_frame   0x000016b4       0x20 C:/arm-toolchain/14.3/bin/../lib/gcc/arm-none-eabi/14.3.1/../../../../arm-none-eabi/lib/thumb/v7-m/nofp\libc.a(libc_a-atexit.o)
 .debug_frame   0x000016d4       0x34 C:/arm-toolchain/14.3/bin/../lib/gcc/arm-none-eabi/14.3.1/../../../../arm-none-eabi/lib/thumb/v7-m/nofp\libc.a(libc_a-fini.o)
 .debug_frame   0x00001708       0x34 C:/arm-toolchain/14.3/bin/../lib/gcc/arm-none-eabi/14.3.1/../../../../arm-none-eabi/lib/thumb/v7-m/nofp\libc.a(libc_a-__atexit.o)

Cross Reference Table

Symbol                                            File
ADC0_1_IRQHandler                                 build/startup_gd32f10x_md.o
BusFault_Handler                                  build/startup_gd32f10x_md.o
CAN0_EWMC_IRQHandler                              build/startup_gd32f10x_md.o
CAN0_RX1_IRQHandler                               build/startup_gd32f10x_md.o
DMA0_Channel0_IRQHandler                          build/startup_gd32f10x_md.o
DMA0_Channel1_IRQHandler                          build/startup_gd32f10x_md.o
DMA0_Channel2_IRQHandler                          build/startup_gd32f10x_md.o
DMA0_Channel3_IRQHandler                          build/startup_gd32f10x_md.o
DMA0_Channel4_IRQHandler                          build/startup_gd32f10x_md.o
DMA0_Channel5_IRQHandler                          build/startup_gd32f10x_md.o
DMA0_Channel6_IRQHandler                          build/startup_gd32f10x_md.o
DebugMon_Handler                                  build/startup_gd32f10x_md.o
Default_Handler                                   build/startup_gd32f10x_md.o
EXMC_IRQHandler                                   build/startup_gd32f10x_md.o
EXTI0_IRQHandler                                  build/startup_gd32f10x_md.o
EXTI10_15_IRQHandler                              build/startup_gd32f10x_md.o
EXTI1_IRQHandler                                  build/startup_gd32f10x_md.o
EXTI2_IRQHandler                                  build/startup_gd32f10x_md.o
EXTI3_IRQHandler                                  build/startup_gd32f10x_md.o
EXTI4_IRQHandler                                  build/startup_gd32f10x_md.o
EXTI5_9_IRQHandler                                build/startup_gd32f10x_md.o
FMC_IRQHandler                                    build/startup_gd32f10x_md.o
HardFault_Handler                                 build/startup_gd32f10x_md.o
I2C0_ER_IRQHandler                                build/startup_gd32f10x_md.o
I2C0_EV_IRQHandler                                build/startup_gd32f10x_md.o
I2C1_ER_IRQHandler                                build/startup_gd32f10x_md.o
I2C1_EV_IRQHandler                                build/startup_gd32f10x_md.o
LVD_IRQHandler                                    build/startup_gd32f10x_md.o
MemManage_Handler                                 build/startup_gd32f10x_md.o
NMI_Handler                                       build/startup_gd32f10x_md.o
PendSV_Handler                                    build/port.o
RCU_IRQHandler                                    build/startup_gd32f10x_md.o
RTC_Alarm_IRQHandler                              build/startup_gd32f10x_md.o
RTC_IRQHandler                                    build/startup_gd32f10x_md.o
Reset_Handler                                     build/startup_gd32f10x_md.o
SPI0_IRQHandler                                   build/startup_gd32f10x_md.o
SPI1_IRQHandler                                   build/startup_gd32f10x_md.o
SVC_Handler                                       build/port.o
SysTick_Handler                                   build/port.o
SystemCoreClock                                   build/system_gd32f10x.o
                                                  build/port.o
                                                  build/systick.o
SystemInit                                        build/system_gd32f10x.o
                                                  build/startup_gd32f10x_md.o
TAMPER_IRQHandler                                 build/startup_gd32f10x_md.o
TIMER0_BRK_IRQHandler                             build/startup_gd32f10x_md.o
TIMER0_Channel_IRQHandler                         build/startup_gd32f10x_md.o
TIMER0_TRG_CMT_IRQHandler                         build/startup_gd32f10x_md.o
TIMER0_UP_IRQHandler                              build/startup_gd32f10x_md.o
TIMER1_IRQHandler                                 build/startup_gd32f10x_md.o
TIMER2_IRQHandler                                 build/startup_gd32f10x_md.o
TIMER3_IRQHandler                                 build/startup_gd32f10x_md.o
USART0_IRQHandler                                 build/startup_gd32f10x_md.o
USART1_IRQHandler                                 build/startup_gd32f10x_md.o
USART2_IRQHandler                                 build/startup_gd32f10x_md.o
USBD_HP_CAN0_TX_IRQHandler                        build/startup_gd32f10x_md.o
USBD_LP_CAN0_RX0_IRQHandler                       build/startup_gd32f10x_md.o
USBD_WKUP_IRQHandler                              build/startup_gd32f10x_md.o
UsageFault_Handler                                build/startup_gd32f10x_md.o
WWDGT_IRQHandler                                  build/startup_gd32f10x_md.o
_ITM_deregisterTMCloneTable                       C:/arm-toolchain/14.3/bin/../lib/gcc/arm-none-eabi/14.3.1/thumb/v7-m/nofp/crtbegin.o
_ITM_registerTMCloneTable                         C:/arm-toolchain/14.3/bin/../lib/gcc/arm-none-eabi/14.3.1/thumb/v7-m/nofp/crtbegin.o
__TMC_END__                                       C:/arm-toolchain/14.3/bin/../lib/gcc/arm-none-eabi/14.3.1/thumb/v7-m/nofp/crtend.o
                                                  C:/arm-toolchain/14.3/bin/../lib/gcc/arm-none-eabi/14.3.1/thumb/v7-m/nofp/crtbegin.o
__atexit                                          C:/arm-toolchain/14.3/bin/../lib/gcc/arm-none-eabi/14.3.1/../../../../arm-none-eabi/lib/thumb/v7-m/nofp\libc.a(libc_a-__call_atexit.o)
                                                  C:/arm-toolchain/14.3/bin/../lib/gcc/arm-none-eabi/14.3.1/../../../../arm-none-eabi/lib/thumb/v7-m/nofp\libc.a(libc_a-__atexit.o)
__atexit0                                         C:/arm-toolchain/14.3/bin/../lib/gcc/arm-none-eabi/14.3.1/../../../../arm-none-eabi/lib/thumb/v7-m/nofp\libc.a(libc_a-__atexit.o)
__atexit_recursive_mutex                          C:/arm-toolchain/14.3/bin/../lib/gcc/arm-none-eabi/14.3.1/../../../../arm-none-eabi/lib/thumb/v7-m/nofp\libc.a(libc_a-__call_atexit.o)
                                                  C:/arm-toolchain/14.3/bin/../lib/gcc/arm-none-eabi/14.3.1/../../../../arm-none-eabi/lib/thumb/v7-m/nofp\libc.a(libc_a-__atexit.o)
__bss_end__                                       C:/arm-toolchain/14.3/bin/../lib/gcc/arm-none-eabi/14.3.1/../../../../arm-none-eabi/lib/thumb/v7-m/nofp/crt0.o
__bss_start__                                     C:/arm-toolchain/14.3/bin/../lib/gcc/arm-none-eabi/14.3.1/../../../../arm-none-eabi/lib/thumb/v7-m/nofp/crt0.o
__call_exitprocs                                  C:/arm-toolchain/14.3/bin/../lib/gcc/arm-none-eabi/14.3.1/../../../../arm-none-eabi/lib/thumb/v7-m/nofp\libc.a(libc_a-__call_atexit.o)
                                                  C:/arm-toolchain/14.3/bin/../lib/gcc/arm-none-eabi/14.3.1/../../../../arm-none-eabi/lib/thumb/v7-m/nofp\libc.a(libc_a-exit.o)
__deregister_frame_info                           C:/arm-toolchain/14.3/bin/../lib/gcc/arm-none-eabi/14.3.1/thumb/v7-m/nofp/crtbegin.o
__dso_handle                                      C:/arm-toolchain/14.3/bin/../lib/gcc/arm-none-eabi/14.3.1/thumb/v7-m/nofp/crtbegin.o
__errno                                           C:/arm-toolchain/14.3/bin/../lib/gcc/arm-none-eabi/14.3.1/../../../../arm-none-eabi/lib/thumb/v7-m/nofp\libc.a(libc_a-errno.o)
                                                  C:/arm-toolchain/14.3/bin/../lib/gcc/arm-none-eabi/14.3.1/../../../../arm-none-eabi/lib/thumb/v7-m/nofp\libc.a(libc_a-sysconf.o)
__fini_array_end                                  C:/arm-toolchain/14.3/bin/../lib/gcc/arm-none-eabi/14.3.1/../../../../arm-none-eabi/lib/thumb/v7-m/nofp\libc.a(libc_a-fini.o)
__fini_array_start                                C:/arm-toolchain/14.3/bin/../lib/gcc/arm-none-eabi/14.3.1/../../../../arm-none-eabi/lib/thumb/v7-m/nofp\libc.a(libc_a-fini.o)
__fp_lock_all                                     C:/arm-toolchain/14.3/bin/../lib/gcc/arm-none-eabi/14.3.1/../../../../arm-none-eabi/lib/thumb/v7-m/nofp\libc.a(libc_a-findfp.o)
__fp_unlock_all                                   C:/arm-toolchain/14.3/bin/../lib/gcc/arm-none-eabi/14.3.1/../../../../arm-none-eabi/lib/thumb/v7-m/nofp\libc.a(libc_a-findfp.o)
__init_array_end                                  C:/arm-toolchain/14.3/bin/../lib/gcc/arm-none-eabi/14.3.1/../../../../arm-none-eabi/lib/thumb/v7-m/nofp\libc.a(libc_a-init.o)
__init_array_start                                C:/arm-toolchain/14.3/bin/../lib/gcc/arm-none-eabi/14.3.1/../../../../arm-none-eabi/lib/thumb/v7-m/nofp\libc.a(libc_a-init.o)
__libc_fini                                       C:/arm-toolchain/14.3/bin/../lib/gcc/arm-none-eabi/14.3.1/../../../../arm-none-eabi/lib/thumb/v7-m/nofp\libc.a(libc_a-__call_atexit.o)
__libc_fini_array                                 C:/arm-toolchain/14.3/bin/../lib/gcc/arm-none-eabi/14.3.1/../../../../arm-none-eabi/lib/thumb/v7-m/nofp\libc.a(libc_a-fini.o)
                                                  C:/arm-toolchain/14.3/bin/../lib/gcc/arm-none-eabi/14.3.1/../../../../arm-none-eabi/lib/thumb/v7-m/nofp\libc.a(libc_a-__call_atexit.o)
                                                  C:/arm-toolchain/14.3/bin/../lib/gcc/arm-none-eabi/14.3.1/../../../../arm-none-eabi/lib/thumb/v7-m/nofp/crt0.o
__libc_init_array                                 C:/arm-toolchain/14.3/bin/../lib/gcc/arm-none-eabi/14.3.1/../../../../arm-none-eabi/lib/thumb/v7-m/nofp\libc.a(libc_a-init.o)
                                                  build/startup_gd32f10x_md.o
                                                  C:/arm-toolchain/14.3/bin/../lib/gcc/arm-none-eabi/14.3.1/../../../../arm-none-eabi/lib/thumb/v7-m/nofp/crt0.o
__lock___arc4random_mutex                         C:/arm-toolchain/14.3/bin/../lib/gcc/arm-none-eabi/14.3.1/../../../../arm-none-eabi/lib/thumb/v7-m/nofp\libc.a(libc_a-lock.o)
__lock___at_quick_exit_mutex                      C:/arm-toolchain/14.3/bin/../lib/gcc/arm-none-eabi/14.3.1/../../../../arm-none-eabi/lib/thumb/v7-m/nofp\libc.a(libc_a-lock.o)
__lock___atexit_recursive_mutex                   C:/arm-toolchain/14.3/bin/../lib/gcc/arm-none-eabi/14.3.1/../../../../arm-none-eabi/lib/thumb/v7-m/nofp\libc.a(libc_a-lock.o)
                                                  C:/arm-toolchain/14.3/bin/../lib/gcc/arm-none-eabi/14.3.1/../../../../arm-none-eabi/lib/thumb/v7-m/nofp\libc.a(libc_a-__call_atexit.o)
__lock___dd_hash_mutex                            C:/arm-toolchain/14.3/bin/../lib/gcc/arm-none-eabi/14.3.1/../../../../arm-none-eabi/lib/thumb/v7-m/nofp\libc.a(libc_a-lock.o)
__lock___env_recursive_mutex                      C:/arm-toolchain/14.3/bin/../lib/gcc/arm-none-eabi/14.3.1/../../../../arm-none-eabi/lib/thumb/v7-m/nofp\libc.a(libc_a-lock.o)
__lock___malloc_recursive_mutex                   C:/arm-toolchain/14.3/bin/../lib/gcc/arm-none-eabi/14.3.1/../../../../arm-none-eabi/lib/thumb/v7-m/nofp\libc.a(libc_a-lock.o)
                                                  C:/arm-toolchain/14.3/bin/../lib/gcc/arm-none-eabi/14.3.1/../../../../arm-none-eabi/lib/thumb/v7-m/nofp\libc.a(libc_a-mlock.o)
__lock___sfp_recursive_mutex                      C:/arm-toolchain/14.3/bin/../lib/gcc/arm-none-eabi/14.3.1/../../../../arm-none-eabi/lib/thumb/v7-m/nofp\libc.a(libc_a-lock.o)
                                                  C:/arm-toolchain/14.3/bin/../lib/gcc/arm-none-eabi/14.3.1/../../../../arm-none-eabi/lib/thumb/v7-m/nofp\libc.a(libc_a-findfp.o)
__lock___tz_mutex                                 C:/arm-toolchain/14.3/bin/../lib/gcc/arm-none-eabi/14.3.1/../../../../arm-none-eabi/lib/thumb/v7-m/nofp\libc.a(libc_a-lock.o)
__malloc_av_                                      C:/arm-toolchain/14.3/bin/../lib/gcc/arm-none-eabi/14.3.1/../../../../arm-none-eabi/lib/thumb/v7-m/nofp\libc.a(libc_a-mallocr.o)
                                                  C:/arm-toolchain/14.3/bin/../lib/gcc/arm-none-eabi/14.3.1/../../../../arm-none-eabi/lib/thumb/v7-m/nofp\libc.a(libc_a-freer.o)
__malloc_current_mallinfo                         C:/arm-toolchain/14.3/bin/../lib/gcc/arm-none-eabi/14.3.1/../../../../arm-none-eabi/lib/thumb/v7-m/nofp\libc.a(libc_a-mallocr.o)
                                                  C:/arm-toolchain/14.3/bin/../lib/gcc/arm-none-eabi/14.3.1/../../../../arm-none-eabi/lib/thumb/v7-m/nofp\libc.a(libc_a-freer.o)
__malloc_lock                                     C:/arm-toolchain/14.3/bin/../lib/gcc/arm-none-eabi/14.3.1/../../../../arm-none-eabi/lib/thumb/v7-m/nofp\libc.a(libc_a-mlock.o)
                                                  C:/arm-toolchain/14.3/bin/../lib/gcc/arm-none-eabi/14.3.1/../../../../arm-none-eabi/lib/thumb/v7-m/nofp\libc.a(libc_a-mallocr.o)
                                                  C:/arm-toolchain/14.3/bin/../lib/gcc/arm-none-eabi/14.3.1/../../../../arm-none-eabi/lib/thumb/v7-m/nofp\libc.a(libc_a-freer.o)
__malloc_max_sbrked_mem                           C:/arm-toolchain/14.3/bin/../lib/gcc/arm-none-eabi/14.3.1/../../../../arm-none-eabi/lib/thumb/v7-m/nofp\libc.a(libc_a-mallocr.o)
__malloc_max_total_mem                            C:/arm-toolchain/14.3/bin/../lib/gcc/arm-none-eabi/14.3.1/../../../../arm-none-eabi/lib/thumb/v7-m/nofp\libc.a(libc_a-mallocr.o)
__malloc_sbrk_base                                C:/arm-toolchain/14.3/bin/../lib/gcc/arm-none-eabi/14.3.1/../../../../arm-none-eabi/lib/thumb/v7-m/nofp\libc.a(libc_a-mallocr.o)
                                                  C:/arm-toolchain/14.3/bin/../lib/gcc/arm-none-eabi/14.3.1/../../../../arm-none-eabi/lib/thumb/v7-m/nofp\libc.a(libc_a-freer.o)
__malloc_top_pad                                  C:/arm-toolchain/14.3/bin/../lib/gcc/arm-none-eabi/14.3.1/../../../../arm-none-eabi/lib/thumb/v7-m/nofp\libc.a(libc_a-mallocr.o)
                                                  C:/arm-toolchain/14.3/bin/../lib/gcc/arm-none-eabi/14.3.1/../../../../arm-none-eabi/lib/thumb/v7-m/nofp\libc.a(libc_a-freer.o)
__malloc_trim_threshold                           C:/arm-toolchain/14.3/bin/../lib/gcc/arm-none-eabi/14.3.1/../../../../arm-none-eabi/lib/thumb/v7-m/nofp\libc.a(libc_a-mallocr.o)
                                                  C:/arm-toolchain/14.3/bin/../lib/gcc/arm-none-eabi/14.3.1/../../../../arm-none-eabi/lib/thumb/v7-m/nofp\libc.a(libc_a-freer.o)
__malloc_unlock                                   C:/arm-toolchain/14.3/bin/../lib/gcc/arm-none-eabi/14.3.1/../../../../arm-none-eabi/lib/thumb/v7-m/nofp\libc.a(libc_a-mlock.o)
                                                  C:/arm-toolchain/14.3/bin/../lib/gcc/arm-none-eabi/14.3.1/../../../../arm-none-eabi/lib/thumb/v7-m/nofp\libc.a(libc_a-mallocr.o)
                                                  C:/arm-toolchain/14.3/bin/../lib/gcc/arm-none-eabi/14.3.1/../../../../arm-none-eabi/lib/thumb/v7-m/nofp\libc.a(libc_a-freer.o)
__preinit_array_end                               C:/arm-toolchain/14.3/bin/../lib/gcc/arm-none-eabi/14.3.1/../../../../arm-none-eabi/lib/thumb/v7-m/nofp\libc.a(libc_a-init.o)
__preinit_array_start                             C:/arm-toolchain/14.3/bin/../lib/gcc/arm-none-eabi/14.3.1/../../../../arm-none-eabi/lib/thumb/v7-m/nofp\libc.a(libc_a-init.o)
__register_exitproc                               C:/arm-toolchain/14.3/bin/../lib/gcc/arm-none-eabi/14.3.1/../../../../arm-none-eabi/lib/thumb/v7-m/nofp\libc.a(libc_a-__atexit.o)
                                                  C:/arm-toolchain/14.3/bin/../lib/gcc/arm-none-eabi/14.3.1/../../../../arm-none-eabi/lib/thumb/v7-m/nofp\libc.a(libc_a-atexit.o)
__register_frame_info                             C:/arm-toolchain/14.3/bin/../lib/gcc/arm-none-eabi/14.3.1/thumb/v7-m/nofp/crtbegin.o
__retarget_lock_acquire                           C:/arm-toolchain/14.3/bin/../lib/gcc/arm-none-eabi/14.3.1/../../../../arm-none-eabi/lib/thumb/v7-m/nofp\libc.a(libc_a-lock.o)
__retarget_lock_acquire_recursive                 C:/arm-toolchain/14.3/bin/../lib/gcc/arm-none-eabi/14.3.1/../../../../arm-none-eabi/lib/thumb/v7-m/nofp\libc.a(libc_a-lock.o)
                                                  C:/arm-toolchain/14.3/bin/../lib/gcc/arm-none-eabi/14.3.1/../../../../arm-none-eabi/lib/thumb/v7-m/nofp\libc.a(libc_a-__atexit.o)
                                                  C:/arm-toolchain/14.3/bin/../lib/gcc/arm-none-eabi/14.3.1/../../../../arm-none-eabi/lib/thumb/v7-m/nofp\libc.a(libc_a-fflush.o)
                                                  C:/arm-toolchain/14.3/bin/../lib/gcc/arm-none-eabi/14.3.1/../../../../arm-none-eabi/lib/thumb/v7-m/nofp\libc.a(libc_a-fclose.o)
                                                  C:/arm-toolchain/14.3/bin/../lib/gcc/arm-none-eabi/14.3.1/../../../../arm-none-eabi/lib/thumb/v7-m/nofp\libc.a(libc_a-mlock.o)
                                                  C:/arm-toolchain/14.3/bin/../lib/gcc/arm-none-eabi/14.3.1/../../../../arm-none-eabi/lib/thumb/v7-m/nofp\libc.a(libc_a-__call_atexit.o)
                                                  C:/arm-toolchain/14.3/bin/../lib/gcc/arm-none-eabi/14.3.1/../../../../arm-none-eabi/lib/thumb/v7-m/nofp\libc.a(libc_a-findfp.o)
__retarget_lock_close                             C:/arm-toolchain/14.3/bin/../lib/gcc/arm-none-eabi/14.3.1/../../../../arm-none-eabi/lib/thumb/v7-m/nofp\libc.a(libc_a-lock.o)
__retarget_lock_close_recursive                   C:/arm-toolchain/14.3/bin/../lib/gcc/arm-none-eabi/14.3.1/../../../../arm-none-eabi/lib/thumb/v7-m/nofp\libc.a(libc_a-lock.o)
                                                  C:/arm-toolchain/14.3/bin/../lib/gcc/arm-none-eabi/14.3.1/../../../../arm-none-eabi/lib/thumb/v7-m/nofp\libc.a(libc_a-fclose.o)
__retarget_lock_init                              C:/arm-toolchain/14.3/bin/../lib/gcc/arm-none-eabi/14.3.1/../../../../arm-none-eabi/lib/thumb/v7-m/nofp\libc.a(libc_a-lock.o)
__retarget_lock_init_recursive                    C:/arm-toolchain/14.3/bin/../lib/gcc/arm-none-eabi/14.3.1/../../../../arm-none-eabi/lib/thumb/v7-m/nofp\libc.a(libc_a-lock.o)
                                                  C:/arm-toolchain/14.3/bin/../lib/gcc/arm-none-eabi/14.3.1/../../../../arm-none-eabi/lib/thumb/v7-m/nofp\libc.a(libc_a-findfp.o)
__retarget_lock_release                           C:/arm-toolchain/14.3/bin/../lib/gcc/arm-none-eabi/14.3.1/../../../../arm-none-eabi/lib/thumb/v7-m/nofp\libc.a(libc_a-lock.o)
__retarget_lock_release_recursive                 C:/arm-toolchain/14.3/bin/../lib/gcc/arm-none-eabi/14.3.1/../../../../arm-none-eabi/lib/thumb/v7-m/nofp\libc.a(libc_a-lock.o)
                                                  C:/arm-toolchain/14.3/bin/../lib/gcc/arm-none-eabi/14.3.1/../../../../arm-none-eabi/lib/thumb/v7-m/nofp\libc.a(libc_a-__atexit.o)
                                                  C:/arm-toolchain/14.3/bin/../lib/gcc/arm-none-eabi/14.3.1/../../../../arm-none-eabi/lib/thumb/v7-m/nofp\libc.a(libc_a-fflush.o)
                                                  C:/arm-toolchain/14.3/bin/../lib/gcc/arm-none-eabi/14.3.1/../../../../arm-none-eabi/lib/thumb/v7-m/nofp\libc.a(libc_a-fclose.o)
                                                  C:/arm-toolchain/14.3/bin/../lib/gcc/arm-none-eabi/14.3.1/../../../../arm-none-eabi/lib/thumb/v7-m/nofp\libc.a(libc_a-mlock.o)
                                                  C:/arm-toolchain/14.3/bin/../lib/gcc/arm-none-eabi/14.3.1/../../../../arm-none-eabi/lib/thumb/v7-m/nofp\libc.a(libc_a-__call_atexit.o)
                                                  C:/arm-toolchain/14.3/bin/../lib/gcc/arm-none-eabi/14.3.1/../../../../arm-none-eabi/lib/thumb/v7-m/nofp\libc.a(libc_a-findfp.o)
__retarget_lock_try_acquire                       C:/arm-toolchain/14.3/bin/../lib/gcc/arm-none-eabi/14.3.1/../../../../arm-none-eabi/lib/thumb/v7-m/nofp\libc.a(libc_a-lock.o)
__retarget_lock_try_acquire_recursive             C:/arm-toolchain/14.3/bin/../lib/gcc/arm-none-eabi/14.3.1/../../../../arm-none-eabi/lib/thumb/v7-m/nofp\libc.a(libc_a-lock.o)
__sclose                                          C:/arm-toolchain/14.3/bin/../lib/gcc/arm-none-eabi/14.3.1/../../../../arm-none-eabi/lib/thumb/v7-m/nofp\libc.a(libc_a-stdio.o)
                                                  C:/arm-toolchain/14.3/bin/../lib/gcc/arm-none-eabi/14.3.1/../../../../arm-none-eabi/lib/thumb/v7-m/nofp\libc.a(libc_a-findfp.o)
__seofread                                        C:/arm-toolchain/14.3/bin/../lib/gcc/arm-none-eabi/14.3.1/../../../../arm-none-eabi/lib/thumb/v7-m/nofp\libc.a(libc_a-stdio.o)
__sf                                              C:/arm-toolchain/14.3/bin/../lib/gcc/arm-none-eabi/14.3.1/../../../../arm-none-eabi/lib/thumb/v7-m/nofp\libc.a(libc_a-findfp.o)
                                                  C:/arm-toolchain/14.3/bin/../lib/gcc/arm-none-eabi/14.3.1/../../../../arm-none-eabi/lib/thumb/v7-m/nofp\libc.a(libc_a-impure.o)
__sflush_r                                        C:/arm-toolchain/14.3/bin/../lib/gcc/arm-none-eabi/14.3.1/../../../../arm-none-eabi/lib/thumb/v7-m/nofp\libc.a(libc_a-fflush.o)
                                                  C:/arm-toolchain/14.3/bin/../lib/gcc/arm-none-eabi/14.3.1/../../../../arm-none-eabi/lib/thumb/v7-m/nofp\libc.a(libc_a-fclose.o)
__sfp                                             C:/arm-toolchain/14.3/bin/../lib/gcc/arm-none-eabi/14.3.1/../../../../arm-none-eabi/lib/thumb/v7-m/nofp\libc.a(libc_a-findfp.o)
__sfp_lock_acquire                                C:/arm-toolchain/14.3/bin/../lib/gcc/arm-none-eabi/14.3.1/../../../../arm-none-eabi/lib/thumb/v7-m/nofp\libc.a(libc_a-findfp.o)
                                                  C:/arm-toolchain/14.3/bin/../lib/gcc/arm-none-eabi/14.3.1/../../../../arm-none-eabi/lib/thumb/v7-m/nofp\libc.a(libc_a-fclose.o)
__sfp_lock_release                                C:/arm-toolchain/14.3/bin/../lib/gcc/arm-none-eabi/14.3.1/../../../../arm-none-eabi/lib/thumb/v7-m/nofp\libc.a(libc_a-findfp.o)
                                                  C:/arm-toolchain/14.3/bin/../lib/gcc/arm-none-eabi/14.3.1/../../../../arm-none-eabi/lib/thumb/v7-m/nofp\libc.a(libc_a-fclose.o)
__sglue                                           C:/arm-toolchain/14.3/bin/../lib/gcc/arm-none-eabi/14.3.1/../../../../arm-none-eabi/lib/thumb/v7-m/nofp\libc.a(libc_a-findfp.o)
                                                  C:/arm-toolchain/14.3/bin/../lib/gcc/arm-none-eabi/14.3.1/../../../../arm-none-eabi/lib/thumb/v7-m/nofp\libc.a(libc_a-fflush.o)
__sinit                                           C:/arm-toolchain/14.3/bin/../lib/gcc/arm-none-eabi/14.3.1/../../../../arm-none-eabi/lib/thumb/v7-m/nofp\libc.a(libc_a-findfp.o)
                                                  C:/arm-toolchain/14.3/bin/../lib/gcc/arm-none-eabi/14.3.1/../../../../arm-none-eabi/lib/thumb/v7-m/nofp\libc.a(libc_a-fflush.o)
                                                  C:/arm-toolchain/14.3/bin/../lib/gcc/arm-none-eabi/14.3.1/../../../../arm-none-eabi/lib/thumb/v7-m/nofp\libc.a(libc_a-fclose.o)
__sread                                           C:/arm-toolchain/14.3/bin/../lib/gcc/arm-none-eabi/14.3.1/../../../../arm-none-eabi/lib/thumb/v7-m/nofp\libc.a(libc_a-stdio.o)
                                                  C:/arm-toolchain/14.3/bin/../lib/gcc/arm-none-eabi/14.3.1/../../../../arm-none-eabi/lib/thumb/v7-m/nofp\libc.a(libc_a-findfp.o)
__sseek                                           C:/arm-toolchain/14.3/bin/../lib/gcc/arm-none-eabi/14.3.1/../../../../arm-none-eabi/lib/thumb/v7-m/nofp\libc.a(libc_a-stdio.o)
                                                  C:/arm-toolchain/14.3/bin/../lib/gcc/arm-none-eabi/14.3.1/../../../../arm-none-eabi/lib/thumb/v7-m/nofp\libc.a(libc_a-findfp.o)
__stack                                           C:/arm-toolchain/14.3/bin/../lib/gcc/arm-none-eabi/14.3.1/../../../../arm-none-eabi/lib/thumb/v7-m/nofp/crt0.o
__stdio_exit_handler                              C:/arm-toolchain/14.3/bin/../lib/gcc/arm-none-eabi/14.3.1/../../../../arm-none-eabi/lib/thumb/v7-m/nofp\libc.a(libc_a-findfp.o)
                                                  C:/arm-toolchain/14.3/bin/../lib/gcc/arm-none-eabi/14.3.1/../../../../arm-none-eabi/lib/thumb/v7-m/nofp\libc.a(libc_a-exit.o)
__swrite                                          C:/arm-toolchain/14.3/bin/../lib/gcc/arm-none-eabi/14.3.1/../../../../arm-none-eabi/lib/thumb/v7-m/nofp\libc.a(libc_a-stdio.o)
                                                  C:/arm-toolchain/14.3/bin/../lib/gcc/arm-none-eabi/14.3.1/../../../../arm-none-eabi/lib/thumb/v7-m/nofp\libc.a(libc_a-findfp.o)
_close                                            C:/arm-toolchain/14.3/bin/../lib/gcc/arm-none-eabi/14.3.1/../../../../arm-none-eabi/lib/thumb/v7-m/nofp\libnosys.a(close.o)
                                                  C:/arm-toolchain/14.3/bin/../lib/gcc/arm-none-eabi/14.3.1/../../../../arm-none-eabi/lib/thumb/v7-m/nofp\libc.a(libc_a-closer.o)
_close_r                                          C:/arm-toolchain/14.3/bin/../lib/gcc/arm-none-eabi/14.3.1/../../../../arm-none-eabi/lib/thumb/v7-m/nofp\libc.a(libc_a-closer.o)
                                                  C:/arm-toolchain/14.3/bin/../lib/gcc/arm-none-eabi/14.3.1/../../../../arm-none-eabi/lib/thumb/v7-m/nofp\libc.a(libc_a-stdio.o)
_ebss                                             build/startup_gd32f10x_md.o
_edata                                            build/startup_gd32f10x_md.o
_estack                                           build/startup_gd32f10x_md.o
_exit                                             C:/arm-toolchain/14.3/bin/../lib/gcc/arm-none-eabi/14.3.1/../../../../arm-none-eabi/lib/thumb/v7-m/nofp\libnosys.a(_exit.o)
                                                  C:/arm-toolchain/14.3/bin/../lib/gcc/arm-none-eabi/14.3.1/../../../../arm-none-eabi/lib/thumb/v7-m/nofp\libc.a(libc_a-exit.o)
_fclose_r                                         C:/arm-toolchain/14.3/bin/../lib/gcc/arm-none-eabi/14.3.1/../../../../arm-none-eabi/lib/thumb/v7-m/nofp\libc.a(libc_a-fclose.o)
                                                  C:/arm-toolchain/14.3/bin/../lib/gcc/arm-none-eabi/14.3.1/../../../../arm-none-eabi/lib/thumb/v7-m/nofp\libc.a(libc_a-findfp.o)
_fflush_r                                         C:/arm-toolchain/14.3/bin/../lib/gcc/arm-none-eabi/14.3.1/../../../../arm-none-eabi/lib/thumb/v7-m/nofp\libc.a(libc_a-fflush.o)
_fini                                             C:/arm-toolchain/14.3/bin/../lib/gcc/arm-none-eabi/14.3.1/thumb/v7-m/nofp/crti.o
                                                  C:/arm-toolchain/14.3/bin/../lib/gcc/arm-none-eabi/14.3.1/../../../../arm-none-eabi/lib/thumb/v7-m/nofp\libc.a(libc_a-fini.o)
_free_r                                           C:/arm-toolchain/14.3/bin/../lib/gcc/arm-none-eabi/14.3.1/../../../../arm-none-eabi/lib/thumb/v7-m/nofp\libc.a(libc_a-freer.o)
                                                  C:/arm-toolchain/14.3/bin/../lib/gcc/arm-none-eabi/14.3.1/../../../../arm-none-eabi/lib/thumb/v7-m/nofp\libc.a(libc_a-fflush.o)
                                                  C:/arm-toolchain/14.3/bin/../lib/gcc/arm-none-eabi/14.3.1/../../../../arm-none-eabi/lib/thumb/v7-m/nofp\libc.a(libc_a-fclose.o)
                                                  C:/arm-toolchain/14.3/bin/../lib/gcc/arm-none-eabi/14.3.1/../../../../arm-none-eabi/lib/thumb/v7-m/nofp\libc.a(libc_a-mallocr.o)
                                                  C:/arm-toolchain/14.3/bin/../lib/gcc/arm-none-eabi/14.3.1/../../../../arm-none-eabi/lib/thumb/v7-m/nofp\libc.a(libc_a-reent.o)
_fwalk_sglue                                      C:/arm-toolchain/14.3/bin/../lib/gcc/arm-none-eabi/14.3.1/../../../../arm-none-eabi/lib/thumb/v7-m/nofp\libc.a(libc_a-fwalk.o)
                                                  C:/arm-toolchain/14.3/bin/../lib/gcc/arm-none-eabi/14.3.1/../../../../arm-none-eabi/lib/thumb/v7-m/nofp\libc.a(libc_a-fflush.o)
                                                  C:/arm-toolchain/14.3/bin/../lib/gcc/arm-none-eabi/14.3.1/../../../../arm-none-eabi/lib/thumb/v7-m/nofp\libc.a(libc_a-findfp.o)
_impure_data                                      C:/arm-toolchain/14.3/bin/../lib/gcc/arm-none-eabi/14.3.1/../../../../arm-none-eabi/lib/thumb/v7-m/nofp\libc.a(libc_a-impure.o)
                                                  C:/arm-toolchain/14.3/bin/../lib/gcc/arm-none-eabi/14.3.1/../../../../arm-none-eabi/lib/thumb/v7-m/nofp\libc.a(libc_a-fflush.o)
                                                  C:/arm-toolchain/14.3/bin/../lib/gcc/arm-none-eabi/14.3.1/../../../../arm-none-eabi/lib/thumb/v7-m/nofp\libc.a(libc_a-findfp.o)
_impure_ptr                                       C:/arm-toolchain/14.3/bin/../lib/gcc/arm-none-eabi/14.3.1/../../../../arm-none-eabi/lib/thumb/v7-m/nofp\libc.a(libc_a-impure.o)
                                                  C:/arm-toolchain/14.3/bin/../lib/gcc/arm-none-eabi/14.3.1/../../../../arm-none-eabi/lib/thumb/v7-m/nofp\libc.a(libc_a-errno.o)
                                                  C:/arm-toolchain/14.3/bin/../lib/gcc/arm-none-eabi/14.3.1/../../../../arm-none-eabi/lib/thumb/v7-m/nofp\libc.a(libc_a-fflush.o)
                                                  C:/arm-toolchain/14.3/bin/../lib/gcc/arm-none-eabi/14.3.1/../../../../arm-none-eabi/lib/thumb/v7-m/nofp\libc.a(libc_a-fclose.o)
                                                  C:/arm-toolchain/14.3/bin/../lib/gcc/arm-none-eabi/14.3.1/../../../../arm-none-eabi/lib/thumb/v7-m/nofp\libc.a(libc_a-reent.o)
_init                                             C:/arm-toolchain/14.3/bin/../lib/gcc/arm-none-eabi/14.3.1/thumb/v7-m/nofp/crti.o
                                                  C:/arm-toolchain/14.3/bin/../lib/gcc/arm-none-eabi/14.3.1/../../../../arm-none-eabi/lib/thumb/v7-m/nofp\libc.a(libc_a-init.o)
_lseek                                            C:/arm-toolchain/14.3/bin/../lib/gcc/arm-none-eabi/14.3.1/../../../../arm-none-eabi/lib/thumb/v7-m/nofp\libnosys.a(lseek.o)
                                                  C:/arm-toolchain/14.3/bin/../lib/gcc/arm-none-eabi/14.3.1/../../../../arm-none-eabi/lib/thumb/v7-m/nofp\libc.a(libc_a-lseekr.o)
_lseek_r                                          C:/arm-toolchain/14.3/bin/../lib/gcc/arm-none-eabi/14.3.1/../../../../arm-none-eabi/lib/thumb/v7-m/nofp\libc.a(libc_a-lseekr.o)
                                                  C:/arm-toolchain/14.3/bin/../lib/gcc/arm-none-eabi/14.3.1/../../../../arm-none-eabi/lib/thumb/v7-m/nofp\libc.a(libc_a-stdio.o)
_mainCRTStartup                                   C:/arm-toolchain/14.3/bin/../lib/gcc/arm-none-eabi/14.3.1/../../../../arm-none-eabi/lib/thumb/v7-m/nofp/crt0.o
_malloc_r                                         C:/arm-toolchain/14.3/bin/../lib/gcc/arm-none-eabi/14.3.1/../../../../arm-none-eabi/lib/thumb/v7-m/nofp\libc.a(libc_a-mallocr.o)
                                                  C:/arm-toolchain/14.3/bin/../lib/gcc/arm-none-eabi/14.3.1/../../../../arm-none-eabi/lib/thumb/v7-m/nofp\libc.a(libc_a-findfp.o)
_malloc_trim_r                                    C:/arm-toolchain/14.3/bin/../lib/gcc/arm-none-eabi/14.3.1/../../../../arm-none-eabi/lib/thumb/v7-m/nofp\libc.a(libc_a-freer.o)
_read                                             C:/arm-toolchain/14.3/bin/../lib/gcc/arm-none-eabi/14.3.1/../../../../arm-none-eabi/lib/thumb/v7-m/nofp\libnosys.a(read.o)
                                                  C:/arm-toolchain/14.3/bin/../lib/gcc/arm-none-eabi/14.3.1/../../../../arm-none-eabi/lib/thumb/v7-m/nofp\libc.a(libc_a-readr.o)
_read_r                                           C:/arm-toolchain/14.3/bin/../lib/gcc/arm-none-eabi/14.3.1/../../../../arm-none-eabi/lib/thumb/v7-m/nofp\libc.a(libc_a-readr.o)
                                                  C:/arm-toolchain/14.3/bin/../lib/gcc/arm-none-eabi/14.3.1/../../../../arm-none-eabi/lib/thumb/v7-m/nofp\libc.a(libc_a-stdio.o)
_reclaim_reent                                    C:/arm-toolchain/14.3/bin/../lib/gcc/arm-none-eabi/14.3.1/../../../../arm-none-eabi/lib/thumb/v7-m/nofp\libc.a(libc_a-reent.o)
_sbrk                                             C:/arm-toolchain/14.3/bin/../lib/gcc/arm-none-eabi/14.3.1/../../../../arm-none-eabi/lib/thumb/v7-m/nofp\libnosys.a(sbrk.o)
                                                  C:/arm-toolchain/14.3/bin/../lib/gcc/arm-none-eabi/14.3.1/../../../../arm-none-eabi/lib/thumb/v7-m/nofp\libc.a(libc_a-sbrkr.o)
_sbrk_r                                           C:/arm-toolchain/14.3/bin/../lib/gcc/arm-none-eabi/14.3.1/../../../../arm-none-eabi/lib/thumb/v7-m/nofp\libc.a(libc_a-sbrkr.o)
                                                  C:/arm-toolchain/14.3/bin/../lib/gcc/arm-none-eabi/14.3.1/../../../../arm-none-eabi/lib/thumb/v7-m/nofp\libc.a(libc_a-mallocr.o)
                                                  C:/arm-toolchain/14.3/bin/../lib/gcc/arm-none-eabi/14.3.1/../../../../arm-none-eabi/lib/thumb/v7-m/nofp\libc.a(libc_a-freer.o)
_sbss                                             build/startup_gd32f10x_md.o
_sdata                                            build/startup_gd32f10x_md.o
_sidata                                           build/startup_gd32f10x_md.o
_stack_init                                       C:/arm-toolchain/14.3/bin/../lib/gcc/arm-none-eabi/14.3.1/../../../../arm-none-eabi/lib/thumb/v7-m/nofp/crt0.o
_start                                            C:/arm-toolchain/14.3/bin/../lib/gcc/arm-none-eabi/14.3.1/../../../../arm-none-eabi/lib/thumb/v7-m/nofp/crt0.o
_write                                            C:/arm-toolchain/14.3/bin/../lib/gcc/arm-none-eabi/14.3.1/../../../../arm-none-eabi/lib/thumb/v7-m/nofp\libnosys.a(write.o)
                                                  C:/arm-toolchain/14.3/bin/../lib/gcc/arm-none-eabi/14.3.1/../../../../arm-none-eabi/lib/thumb/v7-m/nofp\libc.a(libc_a-writer.o)
_write_r                                          C:/arm-toolchain/14.3/bin/../lib/gcc/arm-none-eabi/14.3.1/../../../../arm-none-eabi/lib/thumb/v7-m/nofp\libc.a(libc_a-writer.o)
                                                  C:/arm-toolchain/14.3/bin/../lib/gcc/arm-none-eabi/14.3.1/../../../../arm-none-eabi/lib/thumb/v7-m/nofp\libc.a(libc_a-stdio.o)
adc_calibration_enable                            build/gd32f10x_adc.o
adc_channel_length_config                         build/gd32f10x_adc.o
adc_data_alignment_config                         build/gd32f10x_adc.o
adc_deinit                                        build/gd32f10x_adc.o
adc_disable                                       build/gd32f10x_adc.o
adc_discontinuous_mode_config                     build/gd32f10x_adc.o
adc_dma_mode_disable                              build/gd32f10x_adc.o
adc_dma_mode_enable                               build/gd32f10x_adc.o
adc_enable                                        build/gd32f10x_adc.o
adc_external_trigger_config                       build/gd32f10x_adc.o
adc_external_trigger_source_config                build/gd32f10x_adc.o
adc_flag_clear                                    build/gd32f10x_adc.o
adc_flag_get                                      build/gd32f10x_adc.o
adc_inserted_channel_config                       build/gd32f10x_adc.o
adc_inserted_channel_offset_config                build/gd32f10x_adc.o
adc_inserted_data_read                            build/gd32f10x_adc.o
adc_inserted_software_startconv_flag_get          build/gd32f10x_adc.o
adc_interrupt_disable                             build/gd32f10x_adc.o
adc_interrupt_enable                              build/gd32f10x_adc.o
adc_interrupt_flag_clear                          build/gd32f10x_adc.o
adc_interrupt_flag_get                            build/gd32f10x_adc.o
adc_mode_config                                   build/gd32f10x_adc.o
adc_regular_channel_config                        build/gd32f10x_adc.o
adc_regular_data_read                             build/gd32f10x_adc.o
adc_regular_software_startconv_flag_get           build/gd32f10x_adc.o
adc_software_trigger_enable                       build/gd32f10x_adc.o
adc_special_function_config                       build/gd32f10x_adc.o
adc_sync_mode_convert_value_read                  build/gd32f10x_adc.o
adc_tempsensor_vrefint_disable                    build/gd32f10x_adc.o
adc_tempsensor_vrefint_enable                     build/gd32f10x_adc.o
adc_watchdog_disable                              build/gd32f10x_adc.o
adc_watchdog_group_channel_enable                 build/gd32f10x_adc.o
adc_watchdog_single_channel_enable                build/gd32f10x_adc.o
adc_watchdog_threshold_config                     build/gd32f10x_adc.o
atexit                                            C:/arm-toolchain/14.3/bin/../lib/gcc/arm-none-eabi/14.3.1/../../../../arm-none-eabi/lib/thumb/v7-m/nofp\libc.a(libc_a-atexit.o)
                                                  C:/arm-toolchain/14.3/bin/../lib/gcc/arm-none-eabi/14.3.1/../../../../arm-none-eabi/lib/thumb/v7-m/nofp\libc.a(libc_a-__call_atexit.o)
                                                  C:/arm-toolchain/14.3/bin/../lib/gcc/arm-none-eabi/14.3.1/../../../../arm-none-eabi/lib/thumb/v7-m/nofp/crt0.o
bkp_data_read                                     build/gd32f10x_bkp.o
bkp_data_write                                    build/gd32f10x_bkp.o
bkp_deinit                                        build/gd32f10x_bkp.o
bkp_flag_clear                                    build/gd32f10x_bkp.o
bkp_flag_get                                      build/gd32f10x_bkp.o
bkp_interrupt_disable                             build/gd32f10x_bkp.o
bkp_interrupt_enable                              build/gd32f10x_bkp.o
bkp_interrupt_flag_clear                          build/gd32f10x_bkp.o
bkp_interrupt_flag_get                            build/gd32f10x_bkp.o
bkp_rtc_calibration_output_disable                build/gd32f10x_bkp.o
bkp_rtc_calibration_output_enable                 build/gd32f10x_bkp.o
bkp_rtc_calibration_value_set                     build/gd32f10x_bkp.o
bkp_rtc_output_select                             build/gd32f10x_bkp.o
bkp_rtc_signal_output_disable                     build/gd32f10x_bkp.o
bkp_rtc_signal_output_enable                      build/gd32f10x_bkp.o
bkp_tamper_active_level_set                       build/gd32f10x_bkp.o
bkp_tamper_detection_disable                      build/gd32f10x_bkp.o
bkp_tamper_detection_enable                       build/gd32f10x_bkp.o
can1_filter_start_bank                            build/gd32f10x_can.o
can_debug_freeze_disable                          build/gd32f10x_can.o
can_debug_freeze_enable                           build/gd32f10x_can.o
can_deinit                                        build/gd32f10x_can.o
can_error_get                                     build/gd32f10x_can.o
can_fifo_release                                  build/gd32f10x_can.o
can_filter_init                                   build/gd32f10x_can.o
can_flag_clear                                    build/gd32f10x_can.o
can_flag_get                                      build/gd32f10x_can.o
can_init                                          build/gd32f10x_can.o
can_interrupt_disable                             build/gd32f10x_can.o
can_interrupt_enable                              build/gd32f10x_can.o
can_interrupt_flag_clear                          build/gd32f10x_can.o
can_interrupt_flag_get                            build/gd32f10x_can.o
can_message_receive                               build/gd32f10x_can.o
can_message_transmit                              build/gd32f10x_can.o
can_receive_error_number_get                      build/gd32f10x_can.o
can_receive_message_length_get                    build/gd32f10x_can.o
can_struct_para_init                              build/gd32f10x_can.o
can_time_trigger_mode_disable                     build/gd32f10x_can.o
can_time_trigger_mode_enable                      build/gd32f10x_can.o
can_transmission_stop                             build/gd32f10x_can.o
can_transmit_error_number_get                     build/gd32f10x_can.o
can_transmit_states                               build/gd32f10x_can.o
can_wakeup                                        build/gd32f10x_can.o
can_working_mode_set                              build/gd32f10x_can.o
configureTimerForRunTimeStats                     build/tasks.o
crc_block_data_calculate                          build/gd32f10x_crc.o
crc_data_register_read                            build/gd32f10x_crc.o
crc_data_register_reset                           build/gd32f10x_crc.o
crc_deinit                                        build/gd32f10x_crc.o
crc_free_data_register_read                       build/gd32f10x_crc.o
crc_free_data_register_write                      build/gd32f10x_crc.o
crc_single_data_calculate                         build/gd32f10x_crc.o
dac_concurrent_data_set                           build/gd32f10x_dac.o
dac_concurrent_disable                            build/gd32f10x_dac.o
dac_concurrent_enable                             build/gd32f10x_dac.o
dac_concurrent_output_buffer_disable              build/gd32f10x_dac.o
dac_concurrent_output_buffer_enable               build/gd32f10x_dac.o
dac_concurrent_software_trigger_disable           build/gd32f10x_dac.o
dac_concurrent_software_trigger_enable            build/gd32f10x_dac.o
dac_data_set                                      build/gd32f10x_dac.o
dac_deinit                                        build/gd32f10x_dac.o
dac_disable                                       build/gd32f10x_dac.o
dac_dma_disable                                   build/gd32f10x_dac.o
dac_dma_enable                                    build/gd32f10x_dac.o
dac_enable                                        build/gd32f10x_dac.o
dac_lfsr_noise_config                             build/gd32f10x_dac.o
dac_output_buffer_disable                         build/gd32f10x_dac.o
dac_output_buffer_enable                          build/gd32f10x_dac.o
dac_output_value_get                              build/gd32f10x_dac.o
dac_software_trigger_disable                      build/gd32f10x_dac.o
dac_software_trigger_enable                       build/gd32f10x_dac.o
dac_triangle_noise_config                         build/gd32f10x_dac.o
dac_trigger_disable                               build/gd32f10x_dac.o
dac_trigger_enable                                build/gd32f10x_dac.o
dac_trigger_source_config                         build/gd32f10x_dac.o
dac_wave_bit_width_config                         build/gd32f10x_dac.o
dac_wave_mode_config                              build/gd32f10x_dac.o
dbg_id_get                                        build/gd32f10x_dbg.o
dbg_low_power_disable                             build/gd32f10x_dbg.o
dbg_low_power_enable                              build/gd32f10x_dbg.o
dbg_periph_disable                                build/gd32f10x_dbg.o
dbg_periph_enable                                 build/gd32f10x_dbg.o
                                                  build/gd32f10x_can.o
dbg_trace_pin_disable                             build/gd32f10x_dbg.o
dbg_trace_pin_enable                              build/gd32f10x_dbg.o
dbg_trace_pin_mode_set                            build/gd32f10x_dbg.o
delay_1ms                                         build/systick.o
                                                  build/main.o
delay_decrement                                   build/systick.o
dma_channel_disable                               build/gd32f10x_dma.o
dma_channel_enable                                build/gd32f10x_dma.o
dma_circulation_disable                           build/gd32f10x_dma.o
dma_circulation_enable                            build/gd32f10x_dma.o
dma_deinit                                        build/gd32f10x_dma.o
dma_flag_clear                                    build/gd32f10x_dma.o
dma_flag_get                                      build/gd32f10x_dma.o
dma_init                                          build/gd32f10x_dma.o
dma_interrupt_disable                             build/gd32f10x_dma.o
dma_interrupt_enable                              build/gd32f10x_dma.o
dma_interrupt_flag_clear                          build/gd32f10x_dma.o
dma_interrupt_flag_get                            build/gd32f10x_dma.o
dma_memory_address_config                         build/gd32f10x_dma.o
dma_memory_increase_disable                       build/gd32f10x_dma.o
dma_memory_increase_enable                        build/gd32f10x_dma.o
dma_memory_to_memory_disable                      build/gd32f10x_dma.o
dma_memory_to_memory_enable                       build/gd32f10x_dma.o
dma_memory_width_config                           build/gd32f10x_dma.o
dma_periph_address_config                         build/gd32f10x_dma.o
dma_periph_increase_disable                       build/gd32f10x_dma.o
dma_periph_increase_enable                        build/gd32f10x_dma.o
dma_periph_width_config                           build/gd32f10x_dma.o
dma_priority_config                               build/gd32f10x_dma.o
dma_struct_para_init                              build/gd32f10x_dma.o
dma_transfer_direction_config                     build/gd32f10x_dma.o
dma_transfer_number_config                        build/gd32f10x_dma.o
dma_transfer_number_get                           build/gd32f10x_dma.o
eTaskGetState                                     build/tasks.o
end                                               C:/arm-toolchain/14.3/bin/../lib/gcc/arm-none-eabi/14.3.1/../../../../arm-none-eabi/lib/thumb/v7-m/nofp\libnosys.a(sbrk.o)
errno                                             C:/arm-toolchain/14.3/bin/../lib/gcc/arm-none-eabi/14.3.1/../../../../arm-none-eabi/lib/thumb/v7-m/nofp\libc.a(libc_a-reent.o)
                                                  C:/arm-toolchain/14.3/bin/../lib/gcc/arm-none-eabi/14.3.1/../../../../arm-none-eabi/lib/thumb/v7-m/nofp\libnosys.a(write.o)
                                                  C:/arm-toolchain/14.3/bin/../lib/gcc/arm-none-eabi/14.3.1/../../../../arm-none-eabi/lib/thumb/v7-m/nofp\libnosys.a(read.o)
                                                  C:/arm-toolchain/14.3/bin/../lib/gcc/arm-none-eabi/14.3.1/../../../../arm-none-eabi/lib/thumb/v7-m/nofp\libnosys.a(lseek.o)
                                                  C:/arm-toolchain/14.3/bin/../lib/gcc/arm-none-eabi/14.3.1/../../../../arm-none-eabi/lib/thumb/v7-m/nofp\libnosys.a(close.o)
                                                  C:/arm-toolchain/14.3/bin/../lib/gcc/arm-none-eabi/14.3.1/../../../../arm-none-eabi/lib/thumb/v7-m/nofp\libc.a(libc_a-sbrkr.o)
                                                  C:/arm-toolchain/14.3/bin/../lib/gcc/arm-none-eabi/14.3.1/../../../../arm-none-eabi/lib/thumb/v7-m/nofp\libc.a(libc_a-writer.o)
                                                  C:/arm-toolchain/14.3/bin/../lib/gcc/arm-none-eabi/14.3.1/../../../../arm-none-eabi/lib/thumb/v7-m/nofp\libc.a(libc_a-readr.o)
                                                  C:/arm-toolchain/14.3/bin/../lib/gcc/arm-none-eabi/14.3.1/../../../../arm-none-eabi/lib/thumb/v7-m/nofp\libc.a(libc_a-lseekr.o)
                                                  C:/arm-toolchain/14.3/bin/../lib/gcc/arm-none-eabi/14.3.1/../../../../arm-none-eabi/lib/thumb/v7-m/nofp\libc.a(libc_a-closer.o)
exit                                              C:/arm-toolchain/14.3/bin/../lib/gcc/arm-none-eabi/14.3.1/../../../../arm-none-eabi/lib/thumb/v7-m/nofp\libc.a(libc_a-exit.o)
                                                  C:/arm-toolchain/14.3/bin/../lib/gcc/arm-none-eabi/14.3.1/../../../../arm-none-eabi/lib/thumb/v7-m/nofp/crt0.o
exmc_ecc_get                                      build/gd32f10x_exmc.o
exmc_flag_clear                                   build/gd32f10x_exmc.o
exmc_flag_get                                     build/gd32f10x_exmc.o
exmc_interrupt_disable                            build/gd32f10x_exmc.o
exmc_interrupt_enable                             build/gd32f10x_exmc.o
exmc_interrupt_flag_clear                         build/gd32f10x_exmc.o
exmc_interrupt_flag_get                           build/gd32f10x_exmc.o
exmc_nand_deinit                                  build/gd32f10x_exmc.o
exmc_nand_disable                                 build/gd32f10x_exmc.o
exmc_nand_ecc_config                              build/gd32f10x_exmc.o
exmc_nand_enable                                  build/gd32f10x_exmc.o
exmc_nand_init                                    build/gd32f10x_exmc.o
exmc_nand_struct_para_init                        build/gd32f10x_exmc.o
exmc_norsram_deinit                               build/gd32f10x_exmc.o
exmc_norsram_disable                              build/gd32f10x_exmc.o
exmc_norsram_enable                               build/gd32f10x_exmc.o
exmc_norsram_init                                 build/gd32f10x_exmc.o
exmc_norsram_struct_para_init                     build/gd32f10x_exmc.o
exmc_pccard_deinit                                build/gd32f10x_exmc.o
exmc_pccard_disable                               build/gd32f10x_exmc.o
exmc_pccard_enable                                build/gd32f10x_exmc.o
exmc_pccard_init                                  build/gd32f10x_exmc.o
exmc_pccard_struct_para_init                      build/gd32f10x_exmc.o
exti_deinit                                       build/gd32f10x_exti.o
exti_event_disable                                build/gd32f10x_exti.o
exti_event_enable                                 build/gd32f10x_exti.o
exti_flag_clear                                   build/gd32f10x_exti.o
exti_flag_get                                     build/gd32f10x_exti.o
exti_init                                         build/gd32f10x_exti.o
exti_interrupt_disable                            build/gd32f10x_exti.o
exti_interrupt_enable                             build/gd32f10x_exti.o
exti_interrupt_flag_clear                         build/gd32f10x_exti.o
exti_interrupt_flag_get                           build/gd32f10x_exti.o
exti_software_interrupt_disable                   build/gd32f10x_exti.o
exti_software_interrupt_enable                    build/gd32f10x_exti.o
fclose                                            C:/arm-toolchain/14.3/bin/../lib/gcc/arm-none-eabi/14.3.1/../../../../arm-none-eabi/lib/thumb/v7-m/nofp\libc.a(libc_a-fclose.o)
fflush                                            C:/arm-toolchain/14.3/bin/../lib/gcc/arm-none-eabi/14.3.1/../../../../arm-none-eabi/lib/thumb/v7-m/nofp\libc.a(libc_a-fflush.o)
fmc_bank0_erase                                   build/gd32f10x_fmc.o
fmc_bank0_lock                                    build/gd32f10x_fmc.o
fmc_bank0_ready_wait                              build/gd32f10x_fmc.o
fmc_bank0_state_get                               build/gd32f10x_fmc.o
fmc_bank0_unlock                                  build/gd32f10x_fmc.o
fmc_bank1_erase                                   build/gd32f10x_fmc.o
fmc_bank1_lock                                    build/gd32f10x_fmc.o
fmc_bank1_ready_wait                              build/gd32f10x_fmc.o
fmc_bank1_state_get                               build/gd32f10x_fmc.o
fmc_bank1_unlock                                  build/gd32f10x_fmc.o
fmc_flag_clear                                    build/gd32f10x_fmc.o
fmc_flag_get                                      build/gd32f10x_fmc.o
fmc_halfword_program                              build/gd32f10x_fmc.o
fmc_interrupt_disable                             build/gd32f10x_fmc.o
fmc_interrupt_enable                              build/gd32f10x_fmc.o
fmc_interrupt_flag_clear                          build/gd32f10x_fmc.o
fmc_interrupt_flag_get                            build/gd32f10x_fmc.o
fmc_lock                                          build/gd32f10x_fmc.o
fmc_mass_erase                                    build/gd32f10x_fmc.o
fmc_page_erase                                    build/gd32f10x_fmc.o
fmc_unlock                                        build/gd32f10x_fmc.o
fmc_word_program                                  build/gd32f10x_fmc.o
fmc_wscnt_set                                     build/gd32f10x_fmc.o
fwdgt_config                                      build/gd32f10x_fwdgt.o
fwdgt_counter_reload                              build/gd32f10x_fwdgt.o
fwdgt_enable                                      build/gd32f10x_fwdgt.o
fwdgt_flag_get                                    build/gd32f10x_fwdgt.o
fwdgt_prescaler_value_config                      build/gd32f10x_fwdgt.o
fwdgt_reload_value_config                         build/gd32f10x_fwdgt.o
fwdgt_write_disable                               build/gd32f10x_fwdgt.o
fwdgt_write_enable                                build/gd32f10x_fwdgt.o
g_pfnVectors                                      build/startup_gd32f10x_md.o
gpio_afio_deinit                                  build/gd32f10x_gpio.o
gpio_bit_reset                                    build/gd32f10x_gpio.o
                                                  build/main.o
gpio_bit_set                                      build/gd32f10x_gpio.o
                                                  build/main.o
gpio_bit_write                                    build/gd32f10x_gpio.o
gpio_deinit                                       build/gd32f10x_gpio.o
gpio_event_output_config                          build/gd32f10x_gpio.o
gpio_event_output_disable                         build/gd32f10x_gpio.o
gpio_event_output_enable                          build/gd32f10x_gpio.o
gpio_exti_source_select                           build/gd32f10x_gpio.o
gpio_init                                         build/gd32f10x_gpio.o
                                                  build/main.o
gpio_input_bit_get                                build/gd32f10x_gpio.o
gpio_input_port_get                               build/gd32f10x_gpio.o
gpio_output_bit_get                               build/gd32f10x_gpio.o
gpio_output_port_get                              build/gd32f10x_gpio.o
gpio_pin_lock                                     build/gd32f10x_gpio.o
gpio_pin_remap_config                             build/gd32f10x_gpio.o
gpio_port_write                                   build/gd32f10x_gpio.o
hardware_init_hook                                C:/arm-toolchain/14.3/bin/../lib/gcc/arm-none-eabi/14.3.1/../../../../arm-none-eabi/lib/thumb/v7-m/nofp/crt0.o
i2c_ack_config                                    build/gd32f10x_i2c.o
i2c_ackpos_config                                 build/gd32f10x_i2c.o
i2c_clock_config                                  build/gd32f10x_i2c.o
i2c_data_receive                                  build/gd32f10x_i2c.o
i2c_data_transmit                                 build/gd32f10x_i2c.o
i2c_deinit                                        build/gd32f10x_i2c.o
i2c_disable                                       build/gd32f10x_i2c.o
i2c_dma_config                                    build/gd32f10x_i2c.o
i2c_dma_last_transfer_config                      build/gd32f10x_i2c.o
i2c_dualaddr_disable                              build/gd32f10x_i2c.o
i2c_dualaddr_enable                               build/gd32f10x_i2c.o
i2c_enable                                        build/gd32f10x_i2c.o
i2c_flag_clear                                    build/gd32f10x_i2c.o
i2c_flag_get                                      build/gd32f10x_i2c.o
i2c_interrupt_disable                             build/gd32f10x_i2c.o
i2c_interrupt_enable                              build/gd32f10x_i2c.o
i2c_interrupt_flag_clear                          build/gd32f10x_i2c.o
i2c_interrupt_flag_get                            build/gd32f10x_i2c.o
i2c_master_addressing                             build/gd32f10x_i2c.o
i2c_mode_addr_config                              build/gd32f10x_i2c.o
i2c_pec_config                                    build/gd32f10x_i2c.o
i2c_pec_transfer_config                           build/gd32f10x_i2c.o
i2c_pec_value_get                                 build/gd32f10x_i2c.o
i2c_slave_response_to_gcall_config                build/gd32f10x_i2c.o
i2c_smbus_alert_config                            build/gd32f10x_i2c.o
i2c_smbus_arp_config                              build/gd32f10x_i2c.o
i2c_smbus_type_config                             build/gd32f10x_i2c.o
i2c_software_reset_config                         build/gd32f10x_i2c.o
i2c_start_on_bus                                  build/gd32f10x_i2c.o
i2c_stop_on_bus                                   build/gd32f10x_i2c.o
i2c_stretch_scl_low_config                        build/gd32f10x_i2c.o
i2s_disable                                       build/gd32f10x_spi.o
i2s_enable                                        build/gd32f10x_spi.o
i2s_init                                          build/gd32f10x_spi.o
i2s_psc_config                                    build/gd32f10x_spi.o
main                                              build/main.o
                                                  build/startup_gd32f10x_md.o
                                                  C:/arm-toolchain/14.3/bin/../lib/gcc/arm-none-eabi/14.3.1/../../../../arm-none-eabi/lib/thumb/v7-m/nofp/crt0.o
memcpy                                            C:/arm-toolchain/14.3/bin/../lib/gcc/arm-none-eabi/14.3.1/../../../../arm-none-eabi/lib/thumb/v7-m/nofp\libc.a(libc_a-memcpy.o)
                                                  build/queue.o
memset                                            C:/arm-toolchain/14.3/bin/../lib/gcc/arm-none-eabi/14.3.1/../../../../arm-none-eabi/lib/thumb/v7-m/nofp\libc.a(libc_a-memset.o)
                                                  C:/arm-toolchain/14.3/bin/../lib/gcc/arm-none-eabi/14.3.1/../../../../arm-none-eabi/lib/thumb/v7-m/nofp\libc.a(libc_a-findfp.o)
                                                  build/tasks.o
                                                  C:/arm-toolchain/14.3/bin/../lib/gcc/arm-none-eabi/14.3.1/../../../../arm-none-eabi/lib/thumb/v7-m/nofp/crt0.o
nvic_irq_disable                                  build/gd32f10x_misc.o
nvic_irq_enable                                   build/gd32f10x_misc.o
nvic_priority_group_set                           build/gd32f10x_misc.o
nvic_vector_table_set                             build/gd32f10x_misc.o
                                                  build/system_gd32f10x.o
ob_data_get                                       build/gd32f10x_fmc.o
ob_data_program                                   build/gd32f10x_fmc.o
ob_erase                                          build/gd32f10x_fmc.o
ob_lock                                           build/gd32f10x_fmc.o
ob_security_protection_config                     build/gd32f10x_fmc.o
ob_spc_get                                        build/gd32f10x_fmc.o
ob_unlock                                         build/gd32f10x_fmc.o
ob_user_get                                       build/gd32f10x_fmc.o
ob_user_write                                     build/gd32f10x_fmc.o
ob_write_protection_enable                        build/gd32f10x_fmc.o
ob_write_protection_get                           build/gd32f10x_fmc.o
pcQueueGetName                                    build/queue.o
pcTaskGetName                                     build/tasks.o
pcTimerGetName                                    build/timers.o
pmu_backup_write_disable                          build/gd32f10x_pmu.o
pmu_backup_write_enable                           build/gd32f10x_pmu.o
pmu_deinit                                        build/gd32f10x_pmu.o
pmu_flag_clear                                    build/gd32f10x_pmu.o
pmu_flag_get                                      build/gd32f10x_pmu.o
pmu_lvd_disable                                   build/gd32f10x_pmu.o
pmu_lvd_select                                    build/gd32f10x_pmu.o
pmu_to_deepsleepmode                              build/gd32f10x_pmu.o
pmu_to_sleepmode                                  build/gd32f10x_pmu.o
pmu_to_standbymode                                build/gd32f10x_pmu.o
pmu_wakeup_pin_disable                            build/gd32f10x_pmu.o
pmu_wakeup_pin_enable                             build/gd32f10x_pmu.o
pvPortMalloc                                      build/timers.o
                                                  build/tasks.o
                                                  build/queue.o
                                                  build/event_groups.o
pvTaskIncrementMutexHeldCount                     build/tasks.o
                                                  build/queue.o
pvTimerGetTimerID                                 build/timers.o
pxCurrentTCB                                      build/tasks.o
                                                  build/port.o
pxPortInitialiseStack                             build/port.o
                                                  build/tasks.o
rcu_adc_clock_config                              build/gd32f10x_rcu.o
rcu_ahb_clock_config                              build/gd32f10x_rcu.o
rcu_all_reset_flag_clear                          build/gd32f10x_rcu.o
rcu_apb1_clock_config                             build/gd32f10x_rcu.o
rcu_apb2_clock_config                             build/gd32f10x_rcu.o
rcu_bkp_reset_disable                             build/gd32f10x_rcu.o
                                                  build/gd32f10x_bkp.o
rcu_bkp_reset_enable                              build/gd32f10x_rcu.o
                                                  build/gd32f10x_bkp.o
rcu_ckout0_config                                 build/gd32f10x_rcu.o
rcu_clock_freq_get                                build/gd32f10x_rcu.o
                                                  build/gd32f10x_usart.o
                                                  build/gd32f10x_spi.o
                                                  build/gd32f10x_i2c.o
rcu_deepsleep_voltage_set                         build/gd32f10x_rcu.o
rcu_deinit                                        build/gd32f10x_rcu.o
rcu_flag_get                                      build/gd32f10x_rcu.o
rcu_hxtal_clock_monitor_disable                   build/gd32f10x_rcu.o
rcu_hxtal_clock_monitor_enable                    build/gd32f10x_rcu.o
rcu_interrupt_disable                             build/gd32f10x_rcu.o
rcu_interrupt_enable                              build/gd32f10x_rcu.o
rcu_interrupt_flag_clear                          build/gd32f10x_rcu.o
rcu_interrupt_flag_get                            build/gd32f10x_rcu.o
rcu_irc8m_adjust_value_set                        build/gd32f10x_rcu.o
rcu_osci_bypass_mode_disable                      build/gd32f10x_rcu.o
rcu_osci_bypass_mode_enable                       build/gd32f10x_rcu.o
rcu_osci_off                                      build/gd32f10x_rcu.o
rcu_osci_on                                       build/gd32f10x_rcu.o
rcu_osci_stab_wait                                build/gd32f10x_rcu.o
rcu_periph_clock_disable                          build/gd32f10x_rcu.o
rcu_periph_clock_enable                           build/gd32f10x_rcu.o
                                                  build/main.o
rcu_periph_clock_sleep_disable                    build/gd32f10x_rcu.o
rcu_periph_clock_sleep_enable                     build/gd32f10x_rcu.o
rcu_periph_reset_disable                          build/gd32f10x_rcu.o
                                                  build/gd32f10x_wwdgt.o
                                                  build/gd32f10x_usart.o
                                                  build/gd32f10x_timer.o
                                                  build/gd32f10x_spi.o
                                                  build/gd32f10x_pmu.o
                                                  build/gd32f10x_i2c.o
                                                  build/gd32f10x_gpio.o
                                                  build/gd32f10x_dac.o
                                                  build/gd32f10x_can.o
                                                  build/gd32f10x_adc.o
rcu_periph_reset_enable                           build/gd32f10x_rcu.o
                                                  build/gd32f10x_wwdgt.o
                                                  build/gd32f10x_usart.o
                                                  build/gd32f10x_timer.o
                                                  build/gd32f10x_spi.o
                                                  build/gd32f10x_pmu.o
                                                  build/gd32f10x_i2c.o
                                                  build/gd32f10x_gpio.o
                                                  build/gd32f10x_dac.o
                                                  build/gd32f10x_can.o
                                                  build/gd32f10x_adc.o
rcu_pll_config                                    build/gd32f10x_rcu.o
rcu_predv0_config                                 build/gd32f10x_rcu.o
rcu_rtc_clock_config                              build/gd32f10x_rcu.o
rcu_system_clock_source_config                    build/gd32f10x_rcu.o
rcu_system_clock_source_get                       build/gd32f10x_rcu.o
rcu_usb_clock_config                              build/gd32f10x_rcu.o
rtc_alarm_config                                  build/gd32f10x_rtc.o
rtc_configuration_mode_enter                      build/gd32f10x_rtc.o
rtc_configuration_mode_exit                       build/gd32f10x_rtc.o
rtc_counter_get                                   build/gd32f10x_rtc.o
rtc_counter_set                                   build/gd32f10x_rtc.o
rtc_divider_get                                   build/gd32f10x_rtc.o
rtc_flag_clear                                    build/gd32f10x_rtc.o
rtc_flag_get                                      build/gd32f10x_rtc.o
rtc_interrupt_disable                             build/gd32f10x_rtc.o
rtc_interrupt_enable                              build/gd32f10x_rtc.o
rtc_interrupt_flag_clear                          build/gd32f10x_rtc.o
rtc_interrupt_flag_get                            build/gd32f10x_rtc.o
rtc_lwoff_wait                                    build/gd32f10x_rtc.o
rtc_prescaler_set                                 build/gd32f10x_rtc.o