ARM GAS  C:\Users\PRAETE~1\AppData\Local\Temp\cc6MeSjF.s 			page 1


   1              		.cpu cortex-m3
   2              		.arch armv7-m
   3              		.fpu softvfp
   4              		.eabi_attribute 20, 1
   5              		.eabi_attribute 21, 1
   6              		.eabi_attribute 23, 3
   7              		.eabi_attribute 24, 1
   8              		.eabi_attribute 25, 1
   9              		.eabi_attribute 26, 1
  10              		.eabi_attribute 30, 6
  11              		.eabi_attribute 34, 1
  12              		.eabi_attribute 18, 4
  13              		.file	"main.c"
  14              		.text
  15              	.Ltext0:
  16              		.cfi_sections	.debug_frame
  17              		.file 1 "./User/Source/main.c"
  18              		.global	region1_data
  19              		.section	.lwmem_heap,"aw"
  20              		.align	2
  23              	region1_data:
  24 0000 00000000 		.space	5000
  24      00000000 
  24      00000000 
  24      00000000 
  24      00000000 
  25              		.section	.data.regions,"aw"
  26              		.align	2
  29              	regions:
  30 0000 00000000 		.word	region1_data
  31 0004 88130000 		.word	5000
  32              		.section	.rodata
  33              		.align	2
  34              	.LC0:
  35 0000 496E6974 		.ascii	"Initializing LwMEM...\015\000"
  35      69616C69 
  35      7A696E67 
  35      204C774D 
  35      454D2E2E 
  36 0017 00       		.align	2
  37              	.LC1:
  38 0018 43616E6E 		.ascii	"Cannot initialize LwMEM. Make sure your regions are"
  38      6F742069 
  38      6E697469 
  38      616C697A 
  38      65204C77 
  39 004b 206E6F74 		.ascii	" not overlapping each other and are in ascending me"
  39      206F7665 
  39      726C6170 
  39      70696E67 
  39      20656163 
  40 007e 6D6F7279 		.ascii	"mory order\015\012\000"
  40      206F7264 
  40      65720D0A 
  40      00
  41 008b 00       		.align	2
  42              	.LC2:
ARM GAS  C:\Users\PRAETE~1\AppData\Local\Temp\cc6MeSjF.s 			page 2


  43 008c 4C774D45 		.ascii	"LwMEM initialized and ready to use\015\000"
  43      4D20696E 
  43      69746961 
  43      6C697A65 
  43      6420616E 
  44              		.section	.text.MemoryManagerInit,"ax",%progbits
  45              		.align	1
  46              		.global	MemoryManagerInit
  47              		.syntax unified
  48              		.thumb
  49              		.thumb_func
  51              	MemoryManagerInit:
  52              	.LFB64:
   1:./User/Source/main.c **** /*!
   2:./User/Source/main.c ****     \file  main.c
   3:./User/Source/main.c ****     \brief running led
   4:./User/Source/main.c ****     
   5:./User/Source/main.c ****     \version 2019-6-5, V1.0.0, firmware for GD32VF103
   6:./User/Source/main.c **** */
   7:./User/Source/main.c **** 
   8:./User/Source/main.c **** /*
   9:./User/Source/main.c ****     Copyright (c) 2019, GigaDevice Semiconductor Inc.
  10:./User/Source/main.c **** 
  11:./User/Source/main.c ****     Redistribution and use in source and binary forms, with or without modification, 
  12:./User/Source/main.c **** are permitted provided that the following conditions are met:
  13:./User/Source/main.c **** 
  14:./User/Source/main.c ****     1. Redistributions of source code must retain the above copyright notice, this 
  15:./User/Source/main.c ****        list of conditions and the following disclaimer.
  16:./User/Source/main.c ****     2. Redistributions in binary form must reproduce the above copyright notice, 
  17:./User/Source/main.c ****        this list of conditions and the following disclaimer in the documentation 
  18:./User/Source/main.c ****        and/or other materials provided with the distribution.
  19:./User/Source/main.c ****     3. Neither the name of the copyright holder nor the names of its contributors 
  20:./User/Source/main.c ****        may be used to endorse or promote products derived from this software without 
  21:./User/Source/main.c ****        specific prior written permission.
  22:./User/Source/main.c **** 
  23:./User/Source/main.c ****     THIS SOFTWARE IS PROVIDED BY THE COPYRIGHT HOLDERS AND CONTRIBUTORS "AS IS" 
  24:./User/Source/main.c **** AND ANY EXPRESS OR IMPLIED WARRANTIES, INCLUDING, BUT NOT LIMITED TO, THE IMPLIED 
  25:./User/Source/main.c **** WARRANTIES OF MERCHANTABILITY AND FITNESS FOR A PARTICULAR PURPOSE ARE DISCLAIMED. 
  26:./User/Source/main.c **** IN NO EVENT SHALL THE COPYRIGHT HOLDER OR CONTRIBUTORS BE LIABLE FOR ANY DIRECT, 
  27:./User/Source/main.c **** INDIRECT, INCIDENTAL, SPECIAL, EXEMPLARY, OR CONSEQUENTIAL DAMAGES (INCLUDING, BUT 
  28:./User/Source/main.c **** NOT LIMITED TO, PROCUREMENT OF SUBSTITUTE GOODS OR SERVICES; LOSS OF USE, DATA, OR 
  29:./User/Source/main.c **** PROFITS; OR BUSINESS INTERRUPTION) HOWEVER CAUSED AND ON ANY THEORY OF LIABILITY, 
  30:./User/Source/main.c **** WHETHER IN CONTRACT, STRICT LIABILITY, OR TORT (INCLUDING NEGLIGENCE OR OTHERWISE) 
  31:./User/Source/main.c **** ARISING IN ANY WAY OUT OF THE USE OF THIS SOFTWARE, EVEN IF ADVISED OF THE POSSIBILITY 
  32:./User/Source/main.c **** OF SUCH DAMAGE.
  33:./User/Source/main.c **** */
  34:./User/Source/main.c **** 
  35:./User/Source/main.c **** #include "SEGGER_RTT.h"
  36:./User/Source/main.c **** 
  37:./User/Source/main.c **** #include "gd32f10x.h"
  38:./User/Source/main.c **** #include "systick.h"
  39:./User/Source/main.c **** #include <stdio.h>
  40:./User/Source/main.c **** #include"FreeRTOS.h"
  41:./User/Source/main.c **** #include "task.h"
  42:./User/Source/main.c **** 
  43:./User/Source/main.c **** #include "lwmem.h"
  44:./User/Source/main.c **** #include "user_debug.h"
ARM GAS  C:\Users\PRAETE~1\AppData\Local\Temp\cc6MeSjF.s 			page 3


  45:./User/Source/main.c **** 
  46:./User/Source/main.c **** 
  47:./User/Source/main.c **** 
  48:./User/Source/main.c **** void MemoryManagerInit(void);
  49:./User/Source/main.c **** uint8_t __attribute__ ((section(".lwmem_heap"))) region1_data[5000];
  50:./User/Source/main.c **** static lwmem_region_t
  51:./User/Source/main.c **** regions[] = {
  52:./User/Source/main.c ****     { region1_data, sizeof(region1_data) },
  53:./User/Source/main.c **** 
  54:./User/Source/main.c **** };
  55:./User/Source/main.c **** 
  56:./User/Source/main.c **** void MemoryManagerInit(void)
  57:./User/Source/main.c **** {
  53              		.loc 1 57 1
  54              		.cfi_startproc
  55              		@ args = 0, pretend = 0, frame = 0
  56              		@ frame_needed = 1, uses_anonymous_args = 0
  57 0000 80B5     		push	{r7, lr}
  58              	.LCFI0:
  59              		.cfi_def_cfa_offset 8
  60              		.cfi_offset 7, -8
  61              		.cfi_offset 14, -4
  62 0002 00AF     		add	r7, sp, #0
  63              	.LCFI1:
  64              		.cfi_def_cfa_register 7
  58:./User/Source/main.c ****     DEBUG_LOG("Initializing LwMEM...\r\n");
  65              		.loc 1 58 5
  66 0004 1048     		ldr	r0, .L4
  67 0006 FFF7FEFF 		bl	puts
  59:./User/Source/main.c ****     memset(regions->start_addr, 0, regions->size);
  68              		.loc 1 59 5
  69 000a 104B     		ldr	r3, .L4+4
  70 000c 1B68     		ldr	r3, [r3]
  71 000e 0F4A     		ldr	r2, .L4+4
  72 0010 5268     		ldr	r2, [r2, #4]
  73 0012 0021     		movs	r1, #0
  74 0014 1846     		mov	r0, r3
  75 0016 FFF7FEFF 		bl	memset
  60:./User/Source/main.c ****     if (!lwmem_assignmem(regions, 1)){
  76              		.loc 1 60 10
  77 001a 0122     		movs	r2, #1
  78 001c 0B49     		ldr	r1, .L4+4
  79 001e 0020     		movs	r0, #0
  80 0020 FFF7FEFF 		bl	lwmem_assignmem_ex
  81 0024 0346     		mov	r3, r0
  82              		.loc 1 60 8 discriminator 1
  83 0026 002B     		cmp	r3, #0
  84 0028 09D1     		bne	.L2
  61:./User/Source/main.c ****         DEBUG_ERR("Cannot initialize LwMEM. Make sure your regions are not overlapping each other a
  85              		.loc 1 61 9
  86 002a 094B     		ldr	r3, .L4+8
  87 002c 1B68     		ldr	r3, [r3]
  88 002e DB68     		ldr	r3, [r3, #12]
  89 0030 7222     		movs	r2, #114
  90 0032 0121     		movs	r1, #1
  91 0034 0748     		ldr	r0, .L4+12
  92 0036 FFF7FEFF 		bl	fwrite
ARM GAS  C:\Users\PRAETE~1\AppData\Local\Temp\cc6MeSjF.s 			page 4


  93              	.L3:
  62:./User/Source/main.c ****         while(1);
  94              		.loc 1 62 14
  95 003a 00BF     		nop
  96 003c FDE7     		b	.L3
  97              	.L2:
  63:./User/Source/main.c ****     }
  64:./User/Source/main.c ****     else {
  65:./User/Source/main.c ****         DEBUG_LOG("LwMEM initialized and ready to use\r\n");
  98              		.loc 1 65 9
  99 003e 0648     		ldr	r0, .L4+16
 100 0040 FFF7FEFF 		bl	puts
  66:./User/Source/main.c ****     }
  67:./User/Source/main.c **** }
 101              		.loc 1 67 1
 102 0044 00BF     		nop
 103 0046 80BD     		pop	{r7, pc}
 104              	.L5:
 105              		.align	2
 106              	.L4:
 107 0048 00000000 		.word	.LC0
 108 004c 00000000 		.word	regions
 109 0050 00000000 		.word	_impure_ptr
 110 0054 18000000 		.word	.LC1
 111 0058 8C000000 		.word	.LC2
 112              		.cfi_endproc
 113              	.LFE64:
 115              		.section	.rodata
 116              		.align	2
 117              	.LC3:
 118 00b0 52545420 		.ascii	"RTT Hello world!\015\000"
 118      48656C6C 
 118      6F20776F 
 118      726C6421 
 118      0D00
 119              		.section	.text.main,"ax",%progbits
 120              		.align	1
 121              		.global	main
 122              		.syntax unified
 123              		.thumb
 124              		.thumb_func
 126              	main:
 127              	.LFB65:
  68:./User/Source/main.c **** 
  69:./User/Source/main.c **** /*!
  70:./User/Source/main.c ****     \brief      main function
  71:./User/Source/main.c ****     \param[in]  none
  72:./User/Source/main.c ****     \param[out] none
  73:./User/Source/main.c ****     \retval     none
  74:./User/Source/main.c **** */
  75:./User/Source/main.c **** int main(void)
  76:./User/Source/main.c **** {
 128              		.loc 1 76 1
 129              		.cfi_startproc
 130              		@ args = 0, pretend = 0, frame = 0
 131              		@ frame_needed = 1, uses_anonymous_args = 0
 132 0000 80B5     		push	{r7, lr}
ARM GAS  C:\Users\PRAETE~1\AppData\Local\Temp\cc6MeSjF.s 			page 5


 133              	.LCFI2:
 134              		.cfi_def_cfa_offset 8
 135              		.cfi_offset 7, -8
 136              		.cfi_offset 14, -4
 137 0002 00AF     		add	r7, sp, #0
 138              	.LCFI3:
 139              		.cfi_def_cfa_register 7
  77:./User/Source/main.c ****     MemoryManagerInit();
 140              		.loc 1 77 5
 141 0004 FFF7FEFF 		bl	MemoryManagerInit
  78:./User/Source/main.c ****     SEGGER_RTT_Init();
 142              		.loc 1 78 5
 143 0008 FFF7FEFF 		bl	SEGGER_RTT_Init
  79:./User/Source/main.c ****     
  80:./User/Source/main.c ****     systick_config();
 144              		.loc 1 80 5
 145 000c FFF7FEFF 		bl	systick_config
  81:./User/Source/main.c **** 
  82:./User/Source/main.c ****     printf("RTT Hello world!\r\n");
 146              		.loc 1 82 5
 147 0010 0248     		ldr	r0, .L8
 148 0012 FFF7FEFF 		bl	puts
 149              	.L7:
  83:./User/Source/main.c ****     
  84:./User/Source/main.c ****     while(1){
 150              		.loc 1 84 10
 151 0016 00BF     		nop
 152 0018 FDE7     		b	.L7
 153              	.L9:
 154 001a 00BF     		.align	2
 155              	.L8:
 156 001c B0000000 		.word	.LC3
 157              		.cfi_endproc
 158              	.LFE65:
 160              		.text
 161              	.Letext0:
 162              		.file 2 "C:/arm-toolchain/14.3/lib/gcc/arm-none-eabi/14.3.1/include/stddef.h"
 163              		.file 3 "C:/arm-toolchain/14.3/arm-none-eabi/include/machine/_default_types.h"
 164              		.file 4 "C:/arm-toolchain/14.3/arm-none-eabi/include/sys/_types.h"
 165              		.file 5 "C:/arm-toolchain/14.3/arm-none-eabi/include/sys/reent.h"
 166              		.file 6 "C:/arm-toolchain/14.3/arm-none-eabi/include/sys/lock.h"
 167              		.file 7 "C:/arm-toolchain/14.3/arm-none-eabi/include/sys/_stdint.h"
 168              		.file 8 "./lwmem/lwmem.h"
 169              		.file 9 "./User/Include/systick.h"
 170              		.file 10 "./segger-rtt/inc/SEGGER_RTT.h"
 171              		.file 11 "C:/arm-toolchain/14.3/arm-none-eabi/include/string.h"
ARM GAS  C:\Users\PRAETE~1\AppData\Local\Temp\cc6MeSjF.s 			page 6


DEFINED SYMBOLS
                            *ABS*:00000000 main.c
C:\Users\PRAETE~1\AppData\Local\Temp\cc6MeSjF.s:23     .lwmem_heap:00000000 region1_data
C:\Users\PRAETE~1\AppData\Local\Temp\cc6MeSjF.s:20     .lwmem_heap:00000000 $d
C:\Users\PRAETE~1\AppData\Local\Temp\cc6MeSjF.s:26     .data.regions:00000000 $d
C:\Users\PRAETE~1\AppData\Local\Temp\cc6MeSjF.s:29     .data.regions:00000000 regions
C:\Users\PRAETE~1\AppData\Local\Temp\cc6MeSjF.s:33     .rodata:00000000 $d
C:\Users\PRAETE~1\AppData\Local\Temp\cc6MeSjF.s:45     .text.MemoryManagerInit:00000000 $t
C:\Users\PRAETE~1\AppData\Local\Temp\cc6MeSjF.s:51     .text.MemoryManagerInit:00000000 MemoryManagerInit
C:\Users\PRAETE~1\AppData\Local\Temp\cc6MeSjF.s:107    .text.MemoryManagerInit:00000048 $d
C:\Users\PRAETE~1\AppData\Local\Temp\cc6MeSjF.s:120    .text.main:00000000 $t
C:\Users\PRAETE~1\AppData\Local\Temp\cc6MeSjF.s:126    .text.main:00000000 main
C:\Users\PRAETE~1\AppData\Local\Temp\cc6MeSjF.s:156    .text.main:0000001c $d

UNDEFINED SYMBOLS
puts
memset
lwmem_assignmem_ex
fwrite
_impure_ptr
SEGGER_RTT_Init
systick_config
